 main

 Timestamp is 61fa8f22 (Wed Feb  2 07:03:14 2022)

 Preferred load address is 0000000140000000

 Start         Length     Name                   Class
 0001:00000000 0000ce3cH .text                   CODE
 0001:0000ce3c 00000064H .text$di                CODE
 0001:0000cea0 00023670H .text$mn                CODE
 0001:00030510 00000040H .text$mn$00             CODE
 0001:00030550 000006d0H .text$x                 CODE
 0001:00030c20 000000f4H .text$yd                CODE
 0002:00000000 000002c0H .idata$5                DATA
 0002:000002c0 00000030H .00cfg                  DATA
 0002:000002f0 00000008H .CRT$XCA                DATA
 0002:000002f8 00000008H .CRT$XCAA               DATA
 0002:00000300 00000018H .CRT$XCC                DATA
 0002:00000318 00000010H .CRT$XCL                DATA
 0002:00000328 00000008H .CRT$XCU                DATA
 0002:00000330 00000008H .CRT$XCZ                DATA
 0002:00000338 00000008H .CRT$XIA                DATA
 0002:00000340 00000008H .CRT$XIAA               DATA
 0002:00000348 00000008H .CRT$XIAC               DATA
 0002:00000350 00000038H .CRT$XIC                DATA
 0002:00000388 00000008H .CRT$XIZ                DATA
 0002:00000390 00000008H .CRT$XLA                DATA
 0002:00000398 00000008H .CRT$XLZ                DATA
 0002:000003a0 00000008H .CRT$XPA                DATA
 0002:000003a8 00000010H .CRT$XPX                DATA
 0002:000003b8 00000008H .CRT$XPXA               DATA
 0002:000003c0 00000008H .CRT$XPZ                DATA
 0002:000003c8 00000008H .CRT$XTA                DATA
 0002:000003d0 00000010H .CRT$XTZ                DATA
 0002:000003d8 00000000H .gehcont$y              DATA
 0002:000003d8 00000000H .gfids$y                DATA
 0002:000003e0 00010ba0H .rdata                  DATA
 0002:00010f80 00000000H .rdata$CastGuardVftablesA DATA
 0002:00010f80 00000000H .rdata$CastGuardVftablesC DATA
 0002:00010f80 00000028H .rdata$T                DATA
 0002:00010fa8 00000314H .rdata$r                DATA
 0002:000112bc 00000018H .rdata$voltmd           DATA
 0002:000112d4 000003dcH .rdata$zzzdbg           DATA
 0002:000116b0 00000008H .rtc$IAA                DATA
 0002:000116b8 00000008H .rtc$IZZ                DATA
 0002:000116c0 00000008H .rtc$TAA                DATA
 0002:000116c8 00000008H .rtc$TZZ                DATA
 0002:000116d0 00000004H .tls                    DATA
 0002:000116d4 00000004H .tls$                   DATA
 0002:000116d8 00000008H .tls$ZZZ                DATA
 0002:000116e0 00003e40H .xdata                  DATA
 0002:00015520 000001c4H .xdata$x                DATA
 0002:000156e4 00000000H .edata                  DATA
 0002:000156e4 00000014H .idata$2                DATA
 0002:000156f8 00000018H .idata$3                DATA
 0002:00015710 000002c0H .idata$4                DATA
 0002:000159d0 0000065aH .idata$6                DATA
 0003:00000000 00001288H .data                   DATA
 0003:00001288 000000a8H .data$r                 DATA
 0003:00001330 00000050H .data$rs                DATA
 0003:00001380 00001bc4H .bss                    DATA
 0004:00000000 00002940H .pdata                  DATA
 0005:00000000 000000f4H _RDATA                  DATA

  Address         Publics by Value              Rva+Base               Lib:Object

 0000:00000000       ___safe_se_handler_table   0000000000000000     <absolute>
 0000:00000000       __x64_code_ranges_to_entry_points 0000000000000000     <absolute>
 0000:00000000       __x64_code_ranges_to_entry_points_count 0000000000000000     <absolute>
 0000:00000000       __guard_fids_count         0000000000000000     <absolute>
 0000:00000000       __arm64x_redirection_metadata 0000000000000000     <absolute>
 0000:00000000       __guard_iat_table          0000000000000000     <absolute>
 0000:00000000       __arm64x_extra_rfe_table   0000000000000000     <absolute>
 0000:00000000       __hybrid_code_map          0000000000000000     <absolute>
 0000:00000000       __guard_iat_count          0000000000000000     <absolute>
 0000:00000000       __arm64x_extra_rfe_table_size 0000000000000000     <absolute>
 0000:00000000       __guard_longjmp_count      0000000000000000     <absolute>
 0000:00000000       ___safe_se_handler_count   0000000000000000     <absolute>
 0000:00000000       __guard_longjmp_table      0000000000000000     <absolute>
 0000:00000000       __dynamic_value_reloc_table 0000000000000000     <absolute>
 0000:00000000       __hybrid_auxiliary_iat     0000000000000000     <absolute>
 0000:00000000       __hybrid_auxiliary_iat_copy 0000000000000000     <absolute>
 0000:00000000       __AbsoluteZero             0000000000000000     <absolute>
 0000:00000000       __guard_eh_cont_count      0000000000000000     <absolute>
 0000:00000000       __guard_check_icall_a64n_fptr 0000000000000000     <absolute>
 0000:00000000       __guard_fids_table         0000000000000000     <absolute>
 0000:00000000       __arm64x_redirection_metadata_count 0000000000000000     <absolute>
 0000:00000000       __enclave_config           0000000000000000     <absolute>
 0000:00000000       __guard_eh_cont_table      0000000000000000     <absolute>
 0000:00000000       __arm64x_native_entrypoint 0000000000000000     <absolute>
 0000:00000000       __hybrid_code_map_count    0000000000000000     <absolute>
 0000:00000100       __guard_flags              0000000000000100     <absolute>
 0000:00000000       __ImageBase                0000000140000000     <linker-defined>
 0001:00000000       ??0Base10Number@@QEAA@AEAVStr@@@Z 0000000140001000 f   Base10Number-dbdf02.o
 0001:00000040       ?setFromStr@Base10Number@@QEAAXAEBVStr@@@Z 0000000140001040 f   Base10Number-dbdf02.o
 0001:00000130       ??0Base10Number@@QEAA@AEBV0@@Z 0000000140001130 f   Base10Number-dbdf02.o
 0001:00000280       ??1Base10Number@@QEAA@XZ   0000000140001280 f   Base10Number-dbdf02.o
 0001:00000290       ??0CharBuf@@QEAA@XZ        0000000140001290 f   CharBuf-305962.o
 0001:000002c0       ??0CharBuf@@QEAA@AEBV0@@Z  00000001400012c0 f   CharBuf-305962.o
 0001:00000300       ??1CharBuf@@QEAA@XZ        0000000140001300 f   CharBuf-305962.o
 0001:00000310       ?increaseSize@CharBuf@@AEAAXH@Z 0000000140001310 f   CharBuf-305962.o
 0001:00000590       ?getStr@CharBuf@@QEBA?AVStr@@XZ 0000000140001590 f   CharBuf-305962.o
 0001:000005b0       ?appendChar@CharBuf@@QEAAXD@Z 00000001400015b0 f   CharBuf-305962.o
 0001:000005f0       ?appendChars@CharBuf@@QEAAXPEBD@Z 00000001400015f0 f   CharBuf-305962.o
 0001:00000720       ?appendCharBuf@CharBuf@@QEAAXPEBDH@Z 0000000140001720 f   CharBuf-305962.o
 0001:000007d0       ?appendStr@CharBuf@@QEAAXAEBVStr@@@Z 00000001400017d0 f   CharBuf-305962.o
 0001:00000860       ?shortDivide@Division@@SA_NAEBVInteger@@0AEAV2@1@Z 0000000140001860 f   Division-9ec364.o
 0001:00000a20       ?shortDivideRem@Division@@SA_JAEBVInteger@@_JAEAV2@@Z 0000000140001a20 f   Division-9ec364.o
 0001:00000c00       ?divide@Division@@SAXAEBVInteger@@0AEAV2@1AEAVIntegerMath@@@Z 0000000140001c00 f   Division-9ec364.o
 0001:00000e10       ?longDivide3@Division@@SAXAEBVInteger@@0AEAV2@1AEAVIntegerMath@@@Z 0000000140001e10 f   Division-9ec364.o
 0001:00001580       ?longDivide1@Division@@SA_NAEBVInteger@@0AEAV2@1AEAVIntegerMath@@@Z 0000000140002580 f   Division-9ec364.o
 0001:00001780       ?testDivideBits@Division@@SAX_J_NHAEBVInteger@@2AEAV2@AEAVIntegerMath@@@Z 0000000140002780 f   Division-9ec364.o
 0001:000018b0       ?longDivide2@Division@@SA_NAEBVInteger@@0AEAV2@1AEAVIntegerMath@@@Z 00000001400028b0 f   Division-9ec364.o
 0001:00001c10       ?findShiftBy@Division@@SAH_J@Z 0000000140002c10 f   Division-9ec364.o
 0001:00001c40       ??0FileIO@@QEAA@XZ         0000000140002c40 f   FileIO-e19063.o
 0001:00001c60       ??0FileIO@@QEAA@AEBV0@@Z   0000000140002c60 f   FileIO-e19063.o
 0001:00001cf0       ??1FileIO@@QEAA@XZ         0000000140002cf0 f   FileIO-e19063.o
 0001:00001d00       ?writeAll@FileIO@@QEAAXPEBD@Z 0000000140002d00 f   FileIO-e19063.o
 0001:00001f30       ?readAll@FileIO@@QEAAXPEBD@Z 0000000140002f30 f   FileIO-e19063.o
 0001:00002260       ?appendStr@FileIO@@QEAAXAEBVStr@@@Z 0000000140003260 f   FileIO-e19063.o
 0001:00002270       ?appendChars@FileIO@@QEAAXPEBD@Z 0000000140003270 f   FileIO-e19063.o
 0001:00002290       ??0?$basic_ofstream@DU?$char_traits@D@std@@@std@@QEAA@PEBDHH@Z 0000000140003290 f i FileIO-e19063.o
 0001:000025e0       ?write@?$basic_ostream@DU?$char_traits@D@std@@@std@@QEAAAEAV12@PEBD_J@Z 00000001400035e0 f i FileIO-e19063.o
 0001:00002910       ??0?$basic_ifstream@DU?$char_traits@D@std@@@std@@QEAA@PEBDHH@Z 0000000140003910 f i FileIO-e19063.o
 0001:00002c70       ?seekg@?$basic_istream@DU?$char_traits@D@std@@@std@@QEAAAEAV12@_JH@Z 0000000140003c70 f i FileIO-e19063.o
 0001:00002f20       ?tellg@?$basic_istream@DU?$char_traits@D@std@@@std@@QEAA?AV?$fpos@U_Mbstatet@@@2@XZ 0000000140003f20 f i FileIO-e19063.o
 0001:00003080       ?seekg@?$basic_istream@DU?$char_traits@D@std@@@std@@QEAAAEAV12@V?$fpos@U_Mbstatet@@@2@@Z 0000000140004080 f i FileIO-e19063.o
 0001:00003330       ?read@?$basic_istream@DU?$char_traits@D@std@@@std@@QEAAAEAV12@PEAD_J@Z 0000000140004330 f i FileIO-e19063.o
 0001:000035d0       ??__E?id@?$codecvt@DDU_Mbstatet@@@std@@2V0locale@2@A@@YAXXZ 00000001400045d0 f i FileIO-e19063.o
 0001:000035e0       ??1?$basic_filebuf@DU?$char_traits@D@std@@@std@@UEAA@XZ 00000001400045e0 f i FileIO-e19063.o
 0001:000036d0       ??_E?$basic_ofstream@DU?$char_traits@D@std@@@std@@$4PPPPPPPM@A@EAAPEAXI@Z 00000001400046d0 f i FileIO-e19063.o
 0001:000037a0       ?close@?$basic_filebuf@DU?$char_traits@D@std@@@std@@QEAAPEAV12@XZ 00000001400047a0 f i FileIO-e19063.o
 0001:000038e0       ??1?$basic_streambuf@DU?$char_traits@D@std@@@std@@UEAA@XZ 00000001400048e0 f i FileIO-e19063.o
 0001:00003930       ??_G?$basic_filebuf@DU?$char_traits@D@std@@@std@@UEAAPEAXI@Z 0000000140004930 f i FileIO-e19063.o
 0001:00003960       ?_Lock@?$basic_filebuf@DU?$char_traits@D@std@@@std@@UEAAXXZ 0000000140004960 f i FileIO-e19063.o
 0001:00003980       ?_Unlock@?$basic_filebuf@DU?$char_traits@D@std@@@std@@UEAAXXZ 0000000140004980 f i FileIO-e19063.o
 0001:000039a0       ?overflow@?$basic_filebuf@DU?$char_traits@D@std@@@std@@MEAAHH@Z 00000001400049a0 f i FileIO-e19063.o
 0001:00003b30       ?pbackfail@?$basic_filebuf@DU?$char_traits@D@std@@@std@@MEAAHH@Z 0000000140004b30 f i FileIO-e19063.o
 0001:00003c10       ?showmanyc@?$basic_streambuf@DU?$char_traits@D@std@@@std@@MEAA_JXZ 0000000140004c10 f i FileIO-e19063.o
 0001:00003c10       ?sync@?$basic_streambuf@DU?$char_traits@D@std@@@std@@MEAAHXZ 0000000140004c10 f i FileIO-e19063.o
 0001:00003c20       ?underflow@?$basic_filebuf@DU?$char_traits@D@std@@@std@@MEAAHXZ 0000000140004c20 f i FileIO-e19063.o
 0001:00003c70       ?uflow@?$basic_filebuf@DU?$char_traits@D@std@@@std@@MEAAHXZ 0000000140004c70 f i FileIO-e19063.o
 0001:00004020       ?xsgetn@?$basic_filebuf@DU?$char_traits@D@std@@@std@@MEAA_JPEAD_J@Z 0000000140005020 f i FileIO-e19063.o
 0001:000041e0       ?xsputn@?$basic_filebuf@DU?$char_traits@D@std@@@std@@MEAA_JPEBD_J@Z 00000001400051e0 f i FileIO-e19063.o
 0001:00004310       ?seekoff@?$basic_filebuf@DU?$char_traits@D@std@@@std@@MEAA?AV?$fpos@U_Mbstatet@@@2@_JHH@Z 0000000140005310 f i FileIO-e19063.o
 0001:00004490       ?seekpos@?$basic_filebuf@DU?$char_traits@D@std@@@std@@MEAA?AV?$fpos@U_Mbstatet@@@2@V32@H@Z 0000000140005490 f i FileIO-e19063.o
 0001:000045e0       ?setbuf@?$basic_filebuf@DU?$char_traits@D@std@@@std@@MEAAPEAV?$basic_streambuf@DU?$char_traits@D@std@@@2@PEAD_J@Z 00000001400055e0 f i FileIO-e19063.o
 0001:000046f0       ?sync@?$basic_filebuf@DU?$char_traits@D@std@@@std@@MEAAHXZ 00000001400056f0 f i FileIO-e19063.o
 0001:00004730       ?imbue@?$basic_filebuf@DU?$char_traits@D@std@@@std@@MEAAXAEBVlocale@2@@Z 0000000140005730 f i FileIO-e19063.o
 0001:000047b0       ??_G?$basic_streambuf@DU?$char_traits@D@std@@@std@@UEAAPEAXI@Z 00000001400057b0 f i FileIO-e19063.o
 0001:00004810       ?imbue@?$basic_streambuf@DU?$char_traits@D@std@@@std@@MEAAXAEBVlocale@2@@Z 0000000140005810 f i FileIO-e19063.o
 0001:00004810       ?_Lock@?$basic_streambuf@DU?$char_traits@D@std@@@std@@UEAAXXZ 0000000140005810 f i FileIO-e19063.o
 0001:00004810       ?_Unlock@?$basic_streambuf@DU?$char_traits@D@std@@@std@@UEAAXXZ 0000000140005810 f i FileIO-e19063.o
 0001:00004820       ?pbackfail@?$basic_streambuf@DU?$char_traits@D@std@@@std@@MEAAHH@Z 0000000140005820 f i FileIO-e19063.o
 0001:00004820       ?overflow@?$basic_streambuf@DU?$char_traits@D@std@@@std@@MEAAHH@Z 0000000140005820 f i FileIO-e19063.o
 0001:00004820       ?underflow@?$basic_streambuf@DU?$char_traits@D@std@@@std@@MEAAHXZ 0000000140005820 f i FileIO-e19063.o
 0001:00004830       ?uflow@?$basic_streambuf@DU?$char_traits@D@std@@@std@@MEAAHXZ 0000000140005830 f i FileIO-e19063.o
 0001:00004870       ?xsgetn@?$basic_streambuf@DU?$char_traits@D@std@@@std@@MEAA_JPEAD_J@Z 0000000140005870 f i FileIO-e19063.o
 0001:00004920       ?xsputn@?$basic_streambuf@DU?$char_traits@D@std@@@std@@MEAA_JPEBD_J@Z 0000000140005920 f i FileIO-e19063.o
 0001:000049d0       ?seekoff@?$basic_streambuf@DU?$char_traits@D@std@@@std@@MEAA?AV?$fpos@U_Mbstatet@@@2@_JHH@Z 00000001400059d0 f i FileIO-e19063.o
 0001:000049d0       ?seekpos@?$basic_streambuf@DU?$char_traits@D@std@@@std@@MEAA?AV?$fpos@U_Mbstatet@@@2@V32@H@Z 00000001400059d0 f i FileIO-e19063.o
 0001:000049f0       ?setbuf@?$basic_streambuf@DU?$char_traits@D@std@@@std@@MEAAPEAV12@PEAD_J@Z 00000001400059f0 f i FileIO-e19063.o
 0001:00004a00       ??$_Reallocate_grow_by@V<lambda_1>@?0??push_back@?$basic_string@DU?$char_traits@D@std@@V?$allocator@D@2@@std@@QEAAXD@Z@D@?$basic_string@DU?$char_traits@D@std@@V?$allocator@D@2@@std@@AEAAAEAV01@_KV<lambda_1>@?0??push_back@01@QEAAXD@Z@D@Z 0000000140005a00 f i FileIO-e19063.o
 0001:00004ba0       ?_Xlen_string@std@@YAXXZ   0000000140005ba0 f i FileIO-e19063.o
 0001:00004bc0       ?_Throw_bad_array_new_length@std@@YAXXZ 0000000140005bc0 f i FileIO-e19063.o
 0001:00004c00       ??0bad_array_new_length@std@@QEAA@AEBV01@@Z 0000000140005c00 f i FileIO-e19063.o
 0001:00004c70       ??0bad_alloc@std@@QEAA@AEBV01@@Z 0000000140005c70 f i FileIO-e19063.o
 0001:00004ce0       ??0exception@std@@QEAA@AEBV01@@Z 0000000140005ce0 f i FileIO-e19063.o
 0001:00004d50       ??_Gbad_cast@std@@UEAAPEAXI@Z 0000000140005d50 f i FileIO-e19063.o
 0001:00004d50       ??_Efailure@ios_base@std@@UEAAPEAXI@Z 0000000140005d50 f i FileIO-e19063.o
 0001:00004d50       ??_G_System_error@std@@UEAAPEAXI@Z 0000000140005d50 f i FileIO-e19063.o
 0001:00004d50       ??_Gruntime_error@std@@UEAAPEAXI@Z 0000000140005d50 f i FileIO-e19063.o
 0001:00004d50       ??_Gsystem_error@std@@UEAAPEAXI@Z 0000000140005d50 f i FileIO-e19063.o
 0001:00004d50       ??_Gexception@std@@UEAAPEAXI@Z 0000000140005d50 f i FileIO-e19063.o
 0001:00004d50       ??_E_System_error@std@@UEAAPEAXI@Z 0000000140005d50 f i FileIO-e19063.o
 0001:00004d50       ??_Ebad_cast@std@@UEAAPEAXI@Z 0000000140005d50 f i FileIO-e19063.o
 0001:00004d50       ??_Eruntime_error@std@@UEAAPEAXI@Z 0000000140005d50 f i FileIO-e19063.o
 0001:00004d50       ??_Gfailure@ios_base@std@@UEAAPEAXI@Z 0000000140005d50 f i FileIO-e19063.o
 0001:00004d50       ??_Gbad_alloc@std@@UEAAPEAXI@Z 0000000140005d50 f i FileIO-e19063.o
 0001:00004d50       ??_Eexception@std@@UEAAPEAXI@Z 0000000140005d50 f i FileIO-e19063.o
 0001:00004d50       ??_Ebad_alloc@std@@UEAAPEAXI@Z 0000000140005d50 f i FileIO-e19063.o
 0001:00004d50       ??_Ebad_array_new_length@std@@UEAAPEAXI@Z 0000000140005d50 f i FileIO-e19063.o
 0001:00004d50       ??_Gbad_array_new_length@std@@UEAAPEAXI@Z 0000000140005d50 f i FileIO-e19063.o
 0001:00004d50       ??_Esystem_error@std@@UEAAPEAXI@Z 0000000140005d50 f i FileIO-e19063.o
 0001:00004dc0       ?what@exception@std@@UEBAPEBDXZ 0000000140005dc0 f i FileIO-e19063.o
 0001:00004de0       ??$use_facet@V?$codecvt@DDU_Mbstatet@@@std@@@std@@YAAEBV?$codecvt@DDU_Mbstatet@@@0@AEBVlocale@0@@Z 0000000140005de0 f i FileIO-e19063.o
 0001:00004fd0       ?_Throw_bad_cast@std@@YAXXZ 0000000140005fd0 f i FileIO-e19063.o
 0001:00005010       ??0_Locinfo@std@@QEAA@PEBD@Z 0000000140006010 f i FileIO-e19063.o
 0001:00005170       ??1_Locinfo@std@@QEAA@XZ   0000000140006170 f i FileIO-e19063.o
 0001:00005290       ??1?$_Yarn@_W@std@@QEAA@XZ 0000000140006290 f i FileIO-e19063.o
 0001:00005290       ??1?$_Yarn@D@std@@QEAA@XZ  0000000140006290 f i FileIO-e19063.o
 0001:000052c0       ??_G?$codecvt@DDU_Mbstatet@@@std@@MEAAPEAXI@Z 00000001400062c0 f i FileIO-e19063.o
 0001:000052c0       ??_G_Iostream_error_category2@std@@UEAAPEAXI@Z 00000001400062c0 f i FileIO-e19063.o
 0001:000052c0       ??_E_Iostream_error_category2@std@@UEAAPEAXI@Z 00000001400062c0 f i FileIO-e19063.o
 0001:000052c0       ??_E?$codecvt@DDU_Mbstatet@@@std@@MEAAPEAXI@Z 00000001400062c0 f i FileIO-e19063.o
 0001:000052e0       ?_Incref@facet@locale@std@@UEAAXXZ 00000001400062e0 f i FileIO-e19063.o
 0001:000052f0       ?_Decref@facet@locale@std@@UEAAPEAV_Facet_base@3@XZ 00000001400062f0 f i FileIO-e19063.o
 0001:00005300       _should_initialize_environment 0000000140006300 f i libcmt:env_mode.obj
 0001:00005300       ?do_always_noconv@?$codecvt@DDU_Mbstatet@@@std@@MEBA_NXZ 0000000140006300 f i FileIO-e19063.o
 0001:00005300       __acrt_uninitialize_command_line 0000000140006300 f i libucrt:argv_data.obj
 0001:00005310       ?do_encoding@codecvt_base@std@@MEBAHXZ 0000000140006310 f i FileIO-e19063.o
 0001:00005310       ?do_max_length@codecvt_base@std@@MEBAHXZ 0000000140006310 f i FileIO-e19063.o
 0001:00005310       _get_startup_argv_mode     0000000140006310 f i libcmt:argv_mode.obj
 0001:00005320       ?do_out@?$codecvt@DDU_Mbstatet@@@std@@MEBAHAEAU_Mbstatet@@PEBD1AEAPEBDPEAD3AEAPEAD@Z 0000000140006320 f i FileIO-e19063.o
 0001:00005320       ?do_in@?$codecvt@DDU_Mbstatet@@@std@@MEBAHAEAU_Mbstatet@@PEBD1AEAPEBDPEAD3AEAPEAD@Z 0000000140006320 f i FileIO-e19063.o
 0001:00005340       ?do_unshift@?$codecvt@DDU_Mbstatet@@@std@@MEBAHAEAU_Mbstatet@@PEAD1AEAPEAD@Z 0000000140006340 f i FileIO-e19063.o
 0001:00005350       ?do_length@?$codecvt@DDU_Mbstatet@@@std@@MEBAHAEAU_Mbstatet@@PEBD1_K@Z 0000000140006350 f i FileIO-e19063.o
 0001:00005370       ??_E_Facet_base@std@@UEAAPEAXI@Z 0000000140006370 f i FileIO-e19063.o
 0001:00005370       ??_G_Facet_base@std@@UEAAPEAXI@Z 0000000140006370 f i FileIO-e19063.o
 0001:00005380       ??0bad_cast@std@@QEAA@AEBV01@@Z 0000000140006380 f i FileIO-e19063.o
 0001:000053f0       ??_G?$basic_ios@DU?$char_traits@D@std@@@std@@UEAAPEAXI@Z 00000001400063f0 f i FileIO-e19063.o
 0001:000053f0       ??_Gios_base@std@@UEAAPEAXI@Z 00000001400063f0 f i FileIO-e19063.o
 0001:00005450       ??_E?$basic_ifstream@DU?$char_traits@D@std@@@std@@$4PPPPPPPM@A@EAAPEAXI@Z 0000000140006450 f i FileIO-e19063.o
 0001:00005520       ?open@?$basic_filebuf@DU?$char_traits@D@std@@@std@@QEAAPEAV12@PEBDHH@Z 0000000140006520 f i FileIO-e19063.o
 0001:00005720       ?init@?$basic_ios@DU?$char_traits@D@std@@@std@@IEAAXPEAV?$basic_streambuf@DU?$char_traits@D@std@@@2@_N@Z 0000000140006720 f i FileIO-e19063.o
 0001:000058c0       ??_E?$basic_ostream@DU?$char_traits@D@std@@@std@@$4PPPPPPPM@A@EAAPEAXI@Z 00000001400068c0 f i FileIO-e19063.o
 0001:00005940       ?make_error_code@std@@YA?AVerror_code@1@W4io_errc@1@@Z 0000000140006940 f i FileIO-e19063.o
 0001:000059c0       ??0failure@ios_base@std@@QEAA@PEBDAEBVerror_code@2@@Z 00000001400069c0 f i FileIO-e19063.o
 0001:00005a00       ??0failure@ios_base@std@@QEAA@AEBV012@@Z 0000000140006a00 f i FileIO-e19063.o
 0001:00005a80       ??0system_error@std@@QEAA@AEBV01@@Z 0000000140006a80 f i FileIO-e19063.o
 0001:00005b00       ??0_System_error@std@@QEAA@AEBV01@@Z 0000000140006b00 f i FileIO-e19063.o
 0001:00005b80       ??0runtime_error@std@@QEAA@AEBV01@@Z 0000000140006b80 f i FileIO-e19063.o
 0001:00005bf0       ??1exception@std@@UEAA@XZ  0000000140006bf0 f i FileIO-e19063.o
 0001:00005c40       ?name@_Iostream_error_category2@std@@UEBAPEBDXZ 0000000140006c40 f i FileIO-e19063.o
 0001:00005c50       ?message@_Iostream_error_category2@std@@UEBA?AV?$basic_string@DU?$char_traits@D@std@@V?$allocator@D@2@@2@H@Z 0000000140006c50 f i FileIO-e19063.o
 0001:00005cf0       ?default_error_condition@error_category@std@@UEBA?AVerror_condition@2@H@Z 0000000140006cf0 f i FileIO-e19063.o
 0001:00005d00       ?equivalent@error_category@std@@UEBA_NAEBVerror_code@2@H@Z 0000000140006d00 f i FileIO-e19063.o
 0001:00005d20       ?equivalent@error_category@std@@UEBA_NHAEBVerror_condition@2@@Z 0000000140006d20 f i FileIO-e19063.o
 0001:00005d60       ??$_Reallocate_for@V<lambda_1>@?0??assign@?$basic_string@DU?$char_traits@D@std@@V?$allocator@D@2@@std@@QEAAAEAV34@QEBD_K@Z@PEBD@?$basic_string@DU?$char_traits@D@std@@V?$allocator@D@2@@std@@AEAAAEAV01@_KV<lambda_1>@?0??assign@01@QEAAAEAV01@QEBD0@Z@PEBD@Z 0000000140006d60 f i FileIO-e19063.o
 0001:00005ec0       ??0system_error@std@@QEAA@Verror_code@1@PEBD@Z 0000000140006ec0 f i FileIO-e19063.o
 0001:00006030       ??0_System_error@std@@IEAA@Verror_code@1@AEBV?$basic_string@DU?$char_traits@D@std@@V?$allocator@D@2@@1@@Z 0000000140007030 f i FileIO-e19063.o
 0001:000061f0       ?_Makestr@_System_error@std@@CA?AV?$basic_string@DU?$char_traits@D@std@@V?$allocator@D@2@@2@Verror_code@2@V32@@Z 00000001400071f0 f i FileIO-e19063.o
 0001:00006480       ??$_Reallocate_grow_by@V<lambda_1>@?0??append@?$basic_string@DU?$char_traits@D@std@@V?$allocator@D@2@@std@@QEAAAEAV34@QEBD_K@Z@PEBD_K@?$basic_string@DU?$char_traits@D@std@@V?$allocator@D@2@@std@@AEAAAEAV01@_KV<lambda_1>@?0??append@01@QEAAAEAV01@QEBD0@Z@PEBD_K@Z 0000000140007480 f i FileIO-e19063.o
 0001:00006630       ??$use_facet@V?$ctype@D@std@@@std@@YAAEBV?$ctype@D@0@AEBVlocale@0@@Z 0000000140007630 f i FileIO-e19063.o
 0001:000067a0       ?_Getcat@?$ctype@D@std@@SA_KPEAPEBVfacet@locale@2@PEBV42@@Z 00000001400077a0 f i FileIO-e19063.o
 0001:000068b0       ??_E?$ctype@D@std@@MEAAPEAXI@Z 00000001400078b0 f i FileIO-e19063.o
 0001:000068b0       ??_G?$ctype@D@std@@MEAAPEAXI@Z 00000001400078b0 f i FileIO-e19063.o
 0001:00006910       ?do_tolower@?$ctype@D@std@@MEBAPEBDPEADPEBD@Z 0000000140007910 f i FileIO-e19063.o
 0001:00006960       ?do_tolower@?$ctype@D@std@@MEBADD@Z 0000000140007960 f i FileIO-e19063.o
 0001:00006970       ?do_toupper@?$ctype@D@std@@MEBAPEBDPEADPEBD@Z 0000000140007970 f i FileIO-e19063.o
 0001:000069c0       ?do_toupper@?$ctype@D@std@@MEBADD@Z 00000001400079c0 f i FileIO-e19063.o
 0001:000069d0       ?do_widen@?$ctype@D@std@@MEBAPEBDPEBD0PEAD@Z 00000001400079d0 f i FileIO-e19063.o
 0001:000069f0       ?do_widen@?$ctype@D@std@@MEBADD@Z 00000001400079f0 f i FileIO-e19063.o
 0001:000069f0       ?do_narrow@?$ctype@D@std@@MEBADDD@Z 00000001400079f0 f i FileIO-e19063.o
 0001:00006a00       ?do_narrow@?$ctype@D@std@@MEBAPEBDPEBD0DPEAD@Z 0000000140007a00 f i FileIO-e19063.o
 0001:00006a20       ?flush@?$basic_ostream@DU?$char_traits@D@std@@@std@@QEAAAEAV12@XZ 0000000140007a20 f i FileIO-e19063.o
 0001:00006c90       ??1_Sentry_base@?$basic_ostream@DU?$char_traits@D@std@@@std@@QEAA@XZ 0000000140007c90 f i FileIO-e19063.o
 0001:00006cf0       ?_Osfx@?$basic_ostream@DU?$char_traits@D@std@@@std@@QEAAXXZ 0000000140007cf0 f i FileIO-e19063.o
 0001:00006e20       ??_E?$basic_istream@DU?$char_traits@D@std@@@std@@$4PPPPPPPM@A@EAAPEAXI@Z 0000000140007e20 f i FileIO-e19063.o
 0001:00006ea0       ?_Ipfx@?$basic_istream@DU?$char_traits@D@std@@@std@@QEAA_N_N@Z 0000000140007ea0 f i FileIO-e19063.o
 0001:00007190       ??0IntBuf@@QEAA@XZ         0000000140008190 f   IntBuf-c4b5a9.o
 0001:000071c0       ??0IntBuf@@QEAA@AEBV0@@Z   00000001400081c0 f   IntBuf-c4b5a9.o
 0001:00007210       ??1IntBuf@@QEAA@XZ         0000000140008210 f   IntBuf-c4b5a9.o
 0001:00007220       ??0Integer@@QEAA@XZ        0000000140008220 f   Integer-5d494e.o
 0001:00007270       ??0Integer@@QEAA@AEBV0@@Z  0000000140008270 f   Integer-5d494e.o
 0001:000072d0       ?setToMaxValue@Integer@@QEAAXXZ 00000001400082d0 f   Integer-5d494e.o
 0001:00007390       ?setFromLong48@Integer@@QEAAX_J@Z 0000000140008390 f   Integer-5d494e.o
 0001:000073e0       ?copy@Integer@@QEAAXAEBV1@@Z 00000001400083e0 f   Integer-5d494e.o
 0001:00007580       ?copyUpTo@Integer@@QEAAXAEBV1@H@Z 0000000140008580 f   Integer-5d494e.o
 0001:00007750       ?isEqualToInt24@Integer@@QEBA_NH@Z 0000000140008750 f   Integer-5d494e.o
 0001:000077a0       ?isEqualToInt48@Integer@@QEBA_N_J@Z 00000001400087a0 f   Integer-5d494e.o
 0001:000077e0       ?isEqual@Integer@@QEBA_NAEBV1@@Z 00000001400087e0 f   Integer-5d494e.o
 0001:00007850       ?isLong48@Integer@@QEBA_NXZ 0000000140008850 f   Integer-5d494e.o
 0001:00007870       ?getAsLong48@Integer@@QEBA_JXZ 0000000140008870 f   Integer-5d494e.o
 0001:00007890       ?paramIsGreater@Integer@@QEBA_NAEBV1@@Z 0000000140008890 f   Integer-5d494e.o
 0001:00007940       ?paramIsGreaterOrEq@Integer@@QEBA_NAEBV1@@Z 0000000140008940 f   Integer-5d494e.o
 0001:00007a40       ?increment@Integer@@QEAAXXZ 0000000140008a40 f   Integer-5d494e.o
 0001:00007b20       ?cleanUp@Integer@@QEAAXXZ  0000000140008b20 f   Integer-5d494e.o
 0001:00007c10       ?addLong48@Integer@@QEAAX_J@Z 0000000140008c10 f   Integer-5d494e.o
 0001:00007da0       ?add@Integer@@QEAAXAEBV1@@Z 0000000140008da0 f   Integer-5d494e.o
 0001:00008370       ?square0@Integer@@QEAAXXZ  0000000140009370 f   Integer-5d494e.o
 0001:000083a0       ?square1@Integer@@QEAAXXZ  00000001400093a0 f   Integer-5d494e.o
 0001:00008430       ?square2@Integer@@QEAAXXZ  0000000140009430 f   Integer-5d494e.o
 0001:00008530       ?shiftLeft@Integer@@QEAAXH@Z 0000000140009530 f   Integer-5d494e.o
 0001:00008650       ?shiftRight@Integer@@QEAAXH@Z 0000000140009650 f   Integer-5d494e.o
 0001:00008750       ?setDigitAndClear@Integer@@QEAAXH_J@Z 0000000140009750 f   Integer-5d494e.o
 0001:000087d0       ?makeRandomOdd@Integer@@QEAA_NH@Z 00000001400097d0 f   Integer-5d494e.o
 0001:00008b20       ?copyFromIntBuf@Integer@@QEAAXAEBVIntBuf@@@Z 0000000140009b20 f   Integer-5d494e.o
 0001:00008b80       ?copyToIntBuf@Integer@@QEBAXAEAVIntBuf@@@Z 0000000140009b80 f   Integer-5d494e.o
 0001:00008c80       ??0IntegerMath@@QEAA@XZ    0000000140009c80 f   IntegerMath-8add2e.o
 0001:00008cf0       ??1IntegerMath@@QEAA@XZ    0000000140009cf0 f   IntegerMath-8add2e.o
 0001:00008d30       ??0IntegerMath@@QEAA@AEBV0@@Z 0000000140009d30 f   IntegerMath-8add2e.o
 0001:00008dd0       ?findLSqrRoot@IntegerMath@@SA_J_J@Z 0000000140009dd0 f   IntegerMath-8add2e.o
 0001:000090b0       ?isDivisibleBySmallPrime@IntegerMath@@QEAA_JAEBVInteger@@AEAVSPrimes@@@Z 000000014000a0b0 f   IntegerMath-8add2e.o
 0001:00009120       ?getMod24@IntegerMath@@QEAA_JAEBVInteger@@_J@Z 000000014000a120 f   IntegerMath-8add2e.o
 0001:00009320       ?subtractLong@IntegerMath@@QEAAXAEAVInteger@@_J@Z 000000014000a320 f   IntegerMath-8add2e.o
 0001:00009510       ?add@IntegerMath@@QEAAXAEAVInteger@@AEBV2@@Z 000000014000a510 f   IntegerMath-8add2e.o
 0001:000096a0       ?subtract@IntegerMath@@QEAAXAEAVInteger@@AEBV2@@Z 000000014000a6a0 f   IntegerMath-8add2e.o
 0001:00009850       ?subtractPositive@IntegerMath@@QEAAXAEAVInteger@@AEBV2@@Z 000000014000a850 f   IntegerMath-8add2e.o
 0001:00009a40       ?multiplyInt@IntegerMath@@QEAAXAEAVInteger@@_J@Z 000000014000aa40 f   IntegerMath-8add2e.o
 0001:00009b80       ?multiplyIntFromCopy@IntegerMath@@QEAAHAEAVInteger@@0_J@Z 000000014000ab80 f   IntegerMath-8add2e.o
 0001:00009cc0       ?multiplyLong@IntegerMath@@QEAAXAEAVInteger@@_J@Z 000000014000acc0 f   IntegerMath-8add2e.o
 0001:00009eb0       ?setMultiplySign@IntegerMath@@AEAAXAEAVInteger@@AEBV2@@Z 000000014000aeb0 f   IntegerMath-8add2e.o
 0001:00009ed0       ?multiply@IntegerMath@@QEAAXAEAVInteger@@AEBV2@@Z 000000014000aed0 f   IntegerMath-8add2e.o
 0001:0000a2f0       ?toString10@IntegerMath@@QEAA?AVStr@@AEBVInteger@@@Z 000000014000b2f0 f   IntegerMath-8add2e.o
 0001:0000a640       ?square@IntegerMath@@QEAAXAEAVInteger@@@Z 000000014000b640 f   IntegerMath-8add2e.o
 0001:0000aa40       ?multiplyTop@IntegerMath@@QEAAXAEAVInteger@@AEBV2@@Z 000000014000ba40 f   IntegerMath-8add2e.o
 0001:0000ac30       ?multiplyTopOne@IntegerMath@@QEAAXAEAVInteger@@AEBV2@@Z 000000014000bc30 f   IntegerMath-8add2e.o
 0001:0000ad50       ?squareRoot@IntegerMath@@QEAA_NAEBVInteger@@AEAV2@@Z 000000014000bd50 f   IntegerMath-8add2e.o
 0001:0000aec0       ?searchSqrtXPart@IntegerMath@@QEAAXHAEBVInteger@@AEAV2@@Z 000000014000bec0 f   IntegerMath-8add2e.o
 0001:0000b250       ?mod48FromTwoLongs@IntegerMath@@SA_J_J00@Z 000000014000c250 f   IntegerMath-8add2e.o
 0001:0000b340       ?getMod48@IntegerMath@@QEAA_JAEBVInteger@@_J@Z 000000014000c340 f   IntegerMath-8add2e.o
 0001:0000b700       main                       000000014000c700 f   main-7a6c61.o
 0001:0000b760       ?mainLoop@MainApp@@QEAAHXZ 000000014000c760 f   MainApp-3c0ba6.o
 0001:0000b8e0       ?basicThingsAreRight@MainApp@@AEAA_NXZ 000000014000c8e0 f   MainApp-3c0ba6.o
 0001:0000b8f0       ?makeRandomBytes@RandomCrypto@@SAXAEAVUTF16Buf@@H@Z 000000014000c8f0 f   RandomCrypto-3cd8d4.o
 0001:0000bca0       ??0SPrimes@@QEAA@XZ        000000014000cca0 f   SPrimes-4169e7.o
 0001:0000bd80       ?makePrimeArray@SPrimes@@AEAAXXZ 000000014000cd80 f   SPrimes-4169e7.o
 0001:0000be70       ??0SPrimes@@QEAA@AEBV0@@Z  000000014000ce70 f   SPrimes-4169e7.o
 0001:0000beb0       ??1SPrimes@@QEAA@XZ        000000014000ceb0 f   SPrimes-4169e7.o
 0001:0000bec0       ?getFirstPrimeFactor@SPrimes@@QEBAH_J@Z 000000014000cec0 f   SPrimes-4169e7.o
 0001:0000c050       ?printFS@StIO@@SAXPEBD@Z   000000014000d050 f   StIO-90b105.o
 0001:0000c070       printf                     000000014000d070 f i StIO-90b105.o
 0001:0000c0d0       __local_stdio_printf_options 000000014000d0d0 f i StIO-90b105.o
 0001:0000c0e0       ??0Str@@QEAA@PEBD@Z        000000014000d0e0 f   Str-a5caf2.o
 0001:0000c1b0       ??0Str@@QEAA@QEADH@Z       000000014000d1b0 f   Str-a5caf2.o
 0001:0000c230       ??0Str@@QEAA@AEBV0@@Z      000000014000d230 f   Str-a5caf2.o
 0001:0000c2d0       ??0Str@@QEAA@AEBV0@0@Z     000000014000d2d0 f   Str-a5caf2.o
 0001:0000c3b0       ??0Str@@QEAA@_J@Z          000000014000d3b0 f   Str-a5caf2.o
 0001:0000c570       ??1Str@@QEAA@XZ            000000014000d570 f   Str-a5caf2.o
 0001:0000c580       ?copy@Str@@QEAAXAEBV1@@Z   000000014000d580 f   Str-a5caf2.o
 0001:0000c620       ?charsLength@Str@@SAHPEBD@Z 000000014000d620 f   Str-a5caf2.o
 0001:0000c680       ?reverse@Str@@QEAAXXZ      000000014000d680 f   Str-a5caf2.o
 0001:0000c860       ?sleep@ThreadEC@@SAXH@Z    000000014000d860 f   ThreadEC-0b2eca.o
 0001:0000c930       ??$sleep_until@Usteady_clock@chrono@std@@V?$duration@_JU?$ratio@$00$0DLJKMKAA@@std@@@23@@this_thread@std@@YAXAEBV?$time_point@Usteady_clock@chrono@std@@V?$duration@_JU?$ratio@$00$0DLJKMKAA@@std@@@23@@chrono@1@@Z 000000014000d930 f i ThreadEC-0b2eca.o
 0001:0000ca70       ??0TwoDInt64@@QEAA@XZ      000000014000da70 f   TwoDInt64-1eac0a.o
 0001:0000ca90       ??1TwoDInt64@@QEAA@XZ      000000014000da90 f   TwoDInt64-1eac0a.o
 0001:0000caa0       ??0UTF16Buf@@QEAA@XZ       000000014000daa0 f   UTF16Buf-6f08a9.o
 0001:0000cad0       ??0UTF16Buf@@QEAA@AEBV0@@Z 000000014000dad0 f   UTF16Buf-6f08a9.o
 0001:0000cb10       ??1UTF16Buf@@QEAA@XZ       000000014000db10 f   UTF16Buf-6f08a9.o
 0001:0000cb20       ?increaseSize@UTF16Buf@@AEAAXH@Z 000000014000db20 f   UTF16Buf-6f08a9.o
 0001:0000ce00       ?appendVal@UTF16Buf@@QEAAXG@Z 000000014000de00 f   UTF16Buf-6f08a9.o
 0001:0000cea0       ??_U@YAPEAX_K@Z            000000014000dea0 f   libcmt:new_array.obj
 0001:0000cea8       ??3@YAXPEAX_K@Z            000000014000dea8 f   libcmt:delete_scalar_size.obj
 0001:0000cea8       ??_V@YAXPEAX@Z             000000014000dea8 f   libcmt:delete_array.obj
 0001:0000ceb0       ??_Etype_info@@UEAAPEAXI@Z 000000014000deb0 f i libcmt:std_type_info_static.obj
 0001:0000ceb0       ??_Gtype_info@@UEAAPEAXI@Z 000000014000deb0 f i libcmt:std_type_info_static.obj
 0001:0000cef0       _alloca_probe              000000014000def0 f   libcmt:chkstk.obj
 0001:0000cef0       __chkstk                   000000014000def0 f   libcmt:chkstk.obj
 0001:0000d038       _Init_thread_footer        000000014000e038 f   libcmt:thread_safe_statics.obj
 0001:0000d098       _Init_thread_header        000000014000e098 f   libcmt:thread_safe_statics.obj
 0001:0000d100       _Init_thread_notify        000000014000e100 f   libcmt:thread_safe_statics.obj
 0001:0000d144       _Init_thread_wait          000000014000e144 f   libcmt:thread_safe_statics.obj
 0001:0000d1a8       __scrt_acquire_startup_lock 000000014000e1a8 f   libcmt:utility.obj
 0001:0000d1e4       __scrt_initialize_crt      000000014000e1e4 f   libcmt:utility.obj
 0001:0000d230       __scrt_initialize_onexit_tables 000000014000e230 f   libcmt:utility.obj
 0001:0000d2bc       __scrt_is_nonwritable_in_current_image 000000014000e2bc f   libcmt:utility.obj
 0001:0000d354       __scrt_release_startup_lock 000000014000e354 f   libcmt:utility.obj
 0001:0000d378       __scrt_uninitialize_crt    000000014000e378 f   libcmt:utility.obj
 0001:0000d3a4       _onexit                    000000014000e3a4 f   libcmt:utility.obj
 0001:0000d3e0       atexit                     000000014000e3e0 f   libcmt:utility.obj
 0001:0000d3f8       ??2@YAPEAX_K@Z             000000014000e3f8 f   libcmt:new_scalar.obj
 0001:0000d434       ??3@YAXPEAX@Z              000000014000e434 f   libcmt:delete_scalar.obj
 0001:0000d69c       mainCRTStartup             000000014000e69c f   libcmt:exe_main.obj
 0001:0000d6b0       __crt_debugger_hook        000000014000e6b0 f   libcmt:utility_desktop.obj
 0001:0000d6b8       __scrt_fastfail            000000014000e6b8 f   libcmt:utility_desktop.obj
 0001:0000d804       __scrt_initialize_mta      000000014000e804 f   libcmt:utility_desktop.obj
 0001:0000d80c       _get_startup_commit_mode   000000014000e80c f   libcmt:commit_mode.obj
 0001:0000d80c       __scrt_initialize_winrt    000000014000e80c f   libcmt:utility_desktop.obj
 0001:0000d80c       __scrt_stub_for_initialize_mta 000000014000e80c f   libcmt:utility_desktop.obj
 0001:0000d80c       _matherr                   000000014000e80c f   libcmt:matherr.obj
 0001:0000d80c       _get_startup_new_mode      000000014000e80c f   libcmt:new_mode.obj
 0001:0000d80c       _get_startup_thread_locale_mode 000000014000e80c f   libcmt:thread_locale.obj
 0001:0000d80c       __scrt_exe_initialize_mta  000000014000e80c f   libcmt:utility_desktop.obj
 0001:0000d810       __scrt_is_managed_app      000000014000e810 f   libcmt:utility_desktop.obj
 0001:0000d864       __scrt_set_unhandled_exception_filter 000000014000e864 f   libcmt:utility_desktop.obj
 0001:0000d874       __scrt_unhandled_exception_filter 000000014000e874 f   libcmt:utility_desktop.obj
 0001:0000d8d0       _initialize_invalid_parameter_handler 000000014000e8d0 f i libcmt:invalid_parameter_handler.obj
 0001:0000d8d0       _initialize_denormal_control 000000014000e8d0 f i libcmt:denormal_control.obj
 0001:0000d8d0       _guard_check_icall_nop     000000014000e8d0 f i libcmt:guard_support.obj
 0001:0000d8d4       __isa_available_init       000000014000e8d4 f   libcmt:cpu_disp.obj
 0001:0000da78       __scrt_is_ucrt_dll_in_use  000000014000ea78 f   libcmt:ucrt_detection.obj
 0001:0000da84       ??0bad_alloc@std@@QEAA@XZ  000000014000ea84 f i libcmt:throw_bad_alloc.obj
 0001:0000daa4       ??0bad_array_new_length@std@@QEAA@XZ 000000014000eaa4 f i libcmt:throw_bad_alloc.obj
 0001:0000dac4       ??1length_error@std@@UEAA@XZ 000000014000eac4 f i libcpmt:xthrow.obj
 0001:0000dac4       ??1runtime_error@std@@UEAA@XZ 000000014000eac4 f i libcpmt:xthrow.obj
 0001:0000dac4       ??1bad_exception@std@@UEAA@XZ 000000014000eac4 f i libvcruntime:frame.obj
 0001:0000dac4       ??1bad_alloc@std@@UEAA@XZ  000000014000eac4 f i libcmt:throw_bad_alloc.obj
 0001:0000dac4       ??1out_of_range@std@@UEAA@XZ 000000014000eac4 f i libcpmt:xthrow.obj
 0001:0000dad8       ?__scrt_throw_std_bad_alloc@@YAXXZ 000000014000ead8 f   libcmt:throw_bad_alloc.obj
 0001:0000daf8       ?__scrt_throw_std_bad_array_new_length@@YAXXZ 000000014000eaf8 f   libcmt:throw_bad_alloc.obj
 0001:0000db18       __security_init_cookie     000000014000eb18 f   libcmt:gs_support.obj
 0001:0000dbc4       _get_startup_file_mode     000000014000ebc4 f   libcmt:file_mode.obj
 0001:0000dbcc       ?__scrt_initialize_type_info@@YAXXZ 000000014000ebcc f   libcmt:tncleanup.obj
 0001:0000dbdc       __local_stdio_scanf_options 000000014000ebdc f i libcmt:default_local_stdio_options.obj
 0001:0000dbe4       __scrt_initialize_default_local_stdio_options 000000014000ebe4 f   libcmt:default_local_stdio_options.obj
 0001:0000dc00       __scrt_is_user_matherr_present 000000014000ec00 f   libcmt:matherr_detection.obj
 0001:0000dc0c       __scrt_get_dyn_tls_init_callback 000000014000ec0c f   libcmt:dyn_tls_init.obj
 0001:0000dc14       __scrt_get_dyn_tls_dtor_callback 000000014000ec14 f   libcmt:dyn_tls_dtor.obj
 0001:0000dc1c       _RTC_Initialize            000000014000ec1c f   libcmt:initsect.obj
 0001:0000dc58       _RTC_Terminate             000000014000ec58 f   libcmt:initsect.obj
 0001:0000dca0       ?_Addstd@ios_base@std@@SAXPEAV12@@Z 000000014000eca0 f   libcpmt:ios.obj
 0001:0000dd18       ?_Ios_base_dtor@ios_base@std@@CAXPEAV12@@Z 000000014000ed18 f   libcpmt:ios.obj
 0001:0000dd90       ?_Tidy@ios_base@std@@AEAAXXZ 000000014000ed90 f i libcpmt:ios.obj
 0001:0000de10       ??0_Locimp@locale@std@@AEAA@_N@Z 000000014000ee10 f i libcpmt:locale0.obj
 0001:0000de98       ??4?$_Yarn@D@std@@QEAAAEAV01@PEBD@Z 000000014000ee98 f i libcpmt:locale0.obj
 0001:0000df10       ??_G_Locimp@locale@std@@MEAAPEAXI@Z 000000014000ef10 f i libcpmt:locale0.obj
 0001:0000df10       ??_E_Locimp@locale@std@@MEAAPEAXI@Z 000000014000ef10 f i libcpmt:locale0.obj
 0001:0000df6c       ?_Facet_Register@std@@YAXPEAV_Facet_base@1@@Z 000000014000ef6c f   libcpmt:locale0.obj
 0001:0000dfa4       ?_Getgloballocale@locale@std@@CAPEAV_Locimp@12@XZ 000000014000efa4 f   libcpmt:locale0.obj
 0001:0000dfac       ?_Init@locale@std@@CAPEAV_Locimp@12@_N@Z 000000014000efac f   libcpmt:locale0.obj
 0001:0000e0a4       ?_Locimp_dtor@_Locimp@locale@std@@CAXPEAV123@@Z 000000014000f0a4 f   libcpmt:locale0.obj
 0001:0000e120       ?_Locinfo_ctor@_Locinfo@std@@SAXPEAV12@PEBD@Z 000000014000f120 f   libcpmt:locale0.obj
 0001:0000e18c       ?_Locinfo_dtor@_Locinfo@std@@SAXPEAV12@@Z 000000014000f18c f   libcpmt:locale0.obj
 0001:0000e1a8       ?_New_Locimp@_Locimp@locale@std@@CAPEAV123@_N@Z 000000014000f1a8 f   libcpmt:locale0.obj
 0001:0000e1d8       ?_Setgloballocale@locale@std@@CAXPEAX@Z 000000014000f1d8 f   libcpmt:locale0.obj
 0001:0000e20c       _Deletegloballocale        000000014000f20c f   libcpmt:locale0.obj
 0001:0000e27c       ?uncaught_exception@std@@YA_NXZ 000000014000f27c f   libcpmt:uncaught_exception.obj
 0001:0000e284       ??0length_error@std@@QEAA@AEBV01@@Z 000000014000f284 f i libcpmt:xthrow.obj
 0001:0000e2c0       ??0length_error@std@@QEAA@PEBD@Z 000000014000f2c0 f i libcpmt:xthrow.obj
 0001:0000e308       ??0logic_error@std@@QEAA@AEBV01@@Z 000000014000f308 f i libcpmt:xthrow.obj
 0001:0000e344       ??0out_of_range@std@@QEAA@AEBV01@@Z 000000014000f344 f i libcpmt:xthrow.obj
 0001:0000e380       ??0out_of_range@std@@QEAA@PEBD@Z 000000014000f380 f i libcpmt:xthrow.obj
 0001:0000e3c8       ??0runtime_error@std@@QEAA@PEBD@Z 000000014000f3c8 f i libcpmt:xthrow.obj
 0001:0000e410       ??_Eout_of_range@std@@UEAAPEAXI@Z 000000014000f410 f i libcpmt:xthrow.obj
 0001:0000e410       ??_Glength_error@std@@UEAAPEAXI@Z 000000014000f410 f i libcpmt:xthrow.obj
 0001:0000e410       ??_Gout_of_range@std@@UEAAPEAXI@Z 000000014000f410 f i libcpmt:xthrow.obj
 0001:0000e410       ??_Glogic_error@std@@UEAAPEAXI@Z 000000014000f410 f i libcpmt:xthrow.obj
 0001:0000e410       ??_Gbad_exception@std@@UEAAPEAXI@Z 000000014000f410 f i libvcruntime:frame.obj
 0001:0000e410       ??_Elength_error@std@@UEAAPEAXI@Z 000000014000f410 f i libcpmt:xthrow.obj
 0001:0000e410       ??_Ebad_exception@std@@UEAAPEAXI@Z 000000014000f410 f i libvcruntime:frame.obj
 0001:0000e410       ??_Elogic_error@std@@UEAAPEAXI@Z 000000014000f410 f i libcpmt:xthrow.obj
 0001:0000e454       ?_Xlength_error@std@@YAXPEBD@Z 000000014000f454 f   libcpmt:xthrow.obj
 0001:0000e478       ?_Xout_of_range@std@@YAXPEBD@Z 000000014000f478 f   libcpmt:xthrow.obj
 0001:0000e49c       ?_Xruntime_error@std@@YAXPEBD@Z 000000014000f49c f   libcpmt:xthrow.obj
 0001:0000e4c0       ??0_Init_locks@std@@QEAA@XZ 000000014000f4c0 f   libcpmt:xlock.obj
 0001:0000e504       ??0_Lockit@std@@QEAA@H@Z   000000014000f504 f   libcpmt:xlock.obj
 0001:0000e540       ??1_Init_locks@std@@QEAA@XZ 000000014000f540 f   libcpmt:xlock.obj
 0001:0000e57c       ??1_Lockit@std@@QEAA@XZ    000000014000f57c f   libcpmt:xlock.obj
 0001:0000e5b0       ??$_Xfiopen@D@std@@YAPEAU_iobuf@@PEBDHH@Z 000000014000f5b0 f i libcpmt:fiopen.obj
 0001:0000e6bc       ?_Fiopen@std@@YAPEAU_iobuf@@PEBDHH@Z 000000014000f6bc f   libcpmt:fiopen.obj
 0001:0000e6c4       ?_Syserror_map@std@@YAPEBDH@Z 000000014000f6c4 f   libcpmt:syserror.obj
 0001:0000e6ec       _Getctype                  000000014000f6ec f   libcpmt:_tolower.obj
 0001:0000e7ac       _Tolower                   000000014000f7ac f   libcpmt:_tolower.obj
 0001:0000e8e0       _Toupper                   000000014000f8e0 f   libcpmt:_toupper.obj
 0001:0000ea24       ?_Random_device@std@@YAIXZ 000000014000fa24 f   libcpmt:xrngdev.obj
 0001:0000ea4c       _Query_perf_counter        000000014000fa4c f   libcpmt:xtime.obj
 0001:0000ea68       _Query_perf_frequency      000000014000fa68 f   libcpmt:xtime.obj
 0001:0000ea94       _Xtime_diff_to_millis2     000000014000fa94 f   libcpmt:xtime.obj
 0001:0000eb68       _Xtime_get_ticks           000000014000fb68 f   libcpmt:xtime.obj
 0001:0000eb98       xtime_get                  000000014000fb98 f   libcpmt:xtime.obj
 0001:0000ebf0       _Thrd_sleep                000000014000fbf0 f   libcpmt:cthread.obj
 0001:0000ec64       ?_Atexit@@YAXP6AXXZ@Z      000000014000fc64 f   libcpmt:iosptrs.obj
 0001:0000eca0       _Mtxdst                    000000014000fca0 f   libcpmt:xmtx.obj
 0001:0000eca8       _Mtxinit                   000000014000fca8 f   libcpmt:xmtx.obj
 0001:0000ecb8       _Mtxlock                   000000014000fcb8 f   libcpmt:xmtx.obj
 0001:0000ecc0       _Mtxunlock                 000000014000fcc0 f   libcpmt:xmtx.obj
 0001:0000ecc8       __crtLCMapStringA          000000014000fcc8 f   libcpmt:StlLCMapStringA.obj
 0001:0000f378       __crtGetSystemTimePreciseAsFileTime 0000000140010378 f   libcpmt:winapisupp.obj
 0001:0000f394       _CxxThrowException         0000000140010394 f   libvcruntime:throw.obj
 0001:0000f434       ??$_CallSETranslator@V__FrameHandler3@@@@YAHPEAUEHExceptionRecord@@PEA_KPEAU_CONTEXT@@PEAU_xDISPATCHER_CONTEXT@@PEBU_s_FuncInfo@@K1H@Z 0000000140010434 f i libvcruntime:risctrnsctrl.obj
 0001:0000f488       ??$_CallSETranslator@V__FrameHandler4@@@@YAHPEAUEHExceptionRecord@@PEA_KPEAU_CONTEXT@@PEAU_xDISPATCHER_CONTEXT@@PEAUFuncInfo4@FH4@@K1H@Z 0000000140010488 f i libvcruntime:risctrnsctrl.obj
 0001:0000f4dc       ?CatchTryBlock@__FrameHandler3@@SAPEBU_s_TryBlockMapEntry@@PEBU_s_FuncInfo@@H@Z 00000001400104dc f   libvcruntime:risctrnsctrl.obj
 0001:0000f540       ?DecompFuncInfo@FH4@@YA_JPEAEAEAUFuncInfo4@1@_KH_N@Z 0000000140010540 f i libvcruntime:risctrnsctrl.obj
 0001:0000f664       ?ExecutionInCatch@__FrameHandler3@@SA_NPEAU_xDISPATCHER_CONTEXT@@PEBU_s_FuncInfo@@@Z 0000000140010664 f   libvcruntime:risctrnsctrl.obj
 0001:0000f690       ?ExecutionInCatch@__FrameHandler4@@SA_NPEAU_xDISPATCHER_CONTEXT@@PEAUFuncInfo4@FH4@@@Z 0000000140010690 f   libvcruntime:risctrnsctrl.obj
 0001:0000f698       ?FrameUnwindToEmptyState@__FrameHandler3@@SAXPEA_KPEAU_xDISPATCHER_CONTEXT@@PEBU_s_FuncInfo@@@Z 0000000140010698 f   libvcruntime:risctrnsctrl.obj
 0001:0000f6fc       ?FrameUnwindToEmptyState@__FrameHandler4@@SAXPEA_KPEAU_xDISPATCHER_CONTEXT@@PEAUFuncInfo4@FH4@@@Z 00000001400106fc f   libvcruntime:risctrnsctrl.obj
 0001:0000f730       ?GetEstablisherFrame@__FrameHandler3@@SAPEA_KPEA_KPEAU_xDISPATCHER_CONTEXT@@PEBU_s_FuncInfo@@0@Z 0000000140010730 f   libvcruntime:risctrnsctrl.obj
 0001:0000f7fc       ?GetEstablisherFrame@__FrameHandler4@@SAPEA_KPEA_KPEAU_xDISPATCHER_CONTEXT@@PEAUFuncInfo4@FH4@@0@Z 00000001400107fc f   libvcruntime:risctrnsctrl.obj
 0001:0000f820       ?GetRangeOfTrysToCheck@__FrameHandler3@@SA?AU?$pair@Viterator@TryBlockMap@__FrameHandler3@@V123@@std@@AEAVTryBlockMap@1@HPEAU_xDISPATCHER_CONTEXT@@PEBU_s_FuncInfo@@H@Z 0000000140010820 f   libvcruntime:risctrnsctrl.obj
 0001:0000f960       ?GetRangeOfTrysToCheck@__FrameHandler4@@SA?AU?$pair@Viterator@TryBlockMap4@FH4@@V123@@std@@AEAVTryBlockMap4@FH4@@HPEAU_xDISPATCHER_CONTEXT@@PEAUFuncInfo4@5@H@Z 0000000140010960 f   libvcruntime:risctrnsctrl.obj
 0001:0000facc       ?UnwindNestedFrames@__FrameHandler3@@SAXPEA_KPEAUEHExceptionRecord@@PEAU_CONTEXT@@0PEAXPEBU_s_FuncInfo@@HHPEBU_s_HandlerType@@PEAU_xDISPATCHER_CONTEXT@@E@Z 0000000140010acc f   libvcruntime:risctrnsctrl.obj
 0001:0000fbd0       ?UnwindNestedFrames@__FrameHandler4@@SAXPEA_KPEAUEHExceptionRecord@@PEAU_CONTEXT@@0PEAXPEAUFuncInfo4@FH4@@HHPEAUHandlerType4@5@PEAU_xDISPATCHER_CONTEXT@@E@Z 0000000140010bd0 f   libvcruntime:risctrnsctrl.obj
 0001:0000fcf0       ?setBuffer@TryBlockMap4@FH4@@QEAAXViterator@12@@Z 0000000140010cf0 f i libvcruntime:risctrnsctrl.obj
 0001:0000feb4       _CreateFrameInfo           0000000140010eb4 f   libvcruntime:risctrnsctrl.obj
 0001:0000fef0       _FindAndUnlinkFrame        0000000140010ef0 f   libvcruntime:risctrnsctrl.obj
 0001:0000ff44       _GetImageBase              0000000140010f44 f   libvcruntime:risctrnsctrl.obj
 0001:0000ff58       _GetThrowImageBase         0000000140010f58 f   libvcruntime:risctrnsctrl.obj
 0001:0000ff6c       _SetImageBase              0000000140010f6c f   libvcruntime:risctrnsctrl.obj
 0001:0000ff84       _SetThrowImageBase         0000000140010f84 f   libvcruntime:risctrnsctrl.obj
 0001:0000ff9c       __CxxFrameHandler3         0000000140010f9c f   libvcruntime:risctrnsctrl.obj
 0001:00010024       __CxxFrameHandler4         0000000140011024 f   libvcruntime:risctrnsctrl.obj
 0001:000100e4       __DestructExceptionObject  00000001400110e4 f   libvcruntime:ehhelpers.obj
 0001:00010154       ?_CallMemberFunction0@@YAXQEAX0@Z 0000000140011154 f i libvcruntime:ehhelpers.obj
 0001:00010158       _IsExceptionObjectToBeDestroyed 0000000140011158 f   libvcruntime:ehhelpers.obj
 0001:00010188       __AdjustPointer            0000000140011188 f   libvcruntime:ehhelpers.obj
 0001:000101ac       __FrameUnwindFilter        00000001400111ac f   libvcruntime:ehhelpers.obj
 0001:00010214       __current_exception        0000000140011214 f   libvcruntime:ehhelpers.obj
 0001:00010228       __current_exception_context 0000000140011228 f   libvcruntime:ehhelpers.obj
 0001:0001023c       __std_terminate            000000014001123c f   libvcruntime:ehhelpers.obj
 0001:00010260       memcpy_repmovs             0000000140011260 f   libvcruntime:memcpy.obj
 0001:00010280       memcpy                     0000000140011280 f   libvcruntime:memcpy.obj
 0001:00010280       memmove                    0000000140011280 f   libvcruntime:memcpy.obj
 0001:000108f8       __std_exception_copy       00000001400118f8 f   libvcruntime:std_exception.obj
 0001:00010988       __std_exception_destroy    0000000140011988 f   libvcruntime:std_exception.obj
 0001:000109b0       _get_purecall_handler      00000001400119b0 f   libvcruntime:purevirt.obj
 0001:000109bc       _purecall                  00000001400119bc f   libvcruntime:purevirt.obj
 0001:000109f0       memset_repmovs             00000001400119f0 f   libvcruntime:memset.obj
 0001:00010a10       memset                     0000000140011a10 f   libvcruntime:memset.obj
 0001:00010ba0       __vcrt_initialize          0000000140011ba0 f   libvcruntime:initialization.obj
 0001:00010bc8       __vcrt_uninitialize        0000000140011bc8 f   libvcruntime:initialization.obj
 0001:00010be4       __C_specific_handler       0000000140011be4 f   libvcruntime:riscchandler.obj
 0001:00010ddc       __std_type_info_compare    0000000140011ddc f   libvcruntime:std_type_info.obj
 0001:00010e04       __uncaught_exception       0000000140011e04 f   libvcruntime:uncaught_exception.obj
 0001:00010e40       memchr                     0000000140011e40 f   libvcruntime:memchr.obj
 0001:00010ec0       memcmp                     0000000140011ec0 f   libvcruntime:memcmp.obj
 0001:00010f88       __vcrt_freefls             0000000140011f88 f   libvcruntime:per_thread_data.obj
 0001:00010fa8       __vcrt_getptd              0000000140011fa8 f   libvcruntime:per_thread_data.obj
 0001:00010fc4       __vcrt_getptd_noexit       0000000140011fc4 f   libvcruntime:per_thread_data.obj
 0001:00011084       __vcrt_getptd_noinit       0000000140012084 f   libvcruntime:per_thread_data.obj
 0001:000110d4       __vcrt_initialize_ptd      00000001400120d4 f   libvcruntime:per_thread_data.obj
 0001:0001111c       __vcrt_uninitialize_ptd    000000014001211c f   libvcruntime:per_thread_data.obj
 0001:00011140       ?GetCurrentState@__FrameHandler3@@SAHPEA_KPEAU_xDISPATCHER_CONTEXT@@PEBU_s_FuncInfo@@@Z 0000000140012140 f   libvcruntime:ehstate.obj
 0001:00011168       ?GetUnwindTryBlock@__FrameHandler3@@SAHPEA_KPEAU_xDISPATCHER_CONTEXT@@PEBU_s_FuncInfo@@@Z 0000000140012168 f   libvcruntime:ehstate.obj
 0001:00011194       ?SetState@__FrameHandler3@@SAXPEA_KPEBU_s_FuncInfo@@H@Z 0000000140012194 f   libvcruntime:ehstate.obj
 0001:000111a0       ?SetUnwindTryBlock@__FrameHandler3@@SAXPEA_KPEAU_xDISPATCHER_CONTEXT@@PEBU_s_FuncInfo@@H@Z 00000001400121a0 f   libvcruntime:ehstate.obj
 0001:000111dc       ?StateFromControlPc@__FrameHandler3@@SAHPEBU_s_FuncInfo@@PEAU_xDISPATCHER_CONTEXT@@@Z 00000001400121dc f   libvcruntime:ehstate.obj
 0001:000111e4       ?StateFromControlPc@__FrameHandler4@@SAHPEAUFuncInfo4@FH4@@PEAU_xDISPATCHER_CONTEXT@@@Z 00000001400121e4 f   libvcruntime:ehstate.obj
 0001:000111ec       ?StateFromIp@__FrameHandler3@@SAHPEBU_s_FuncInfo@@PEAU_xDISPATCHER_CONTEXT@@_K@Z 00000001400121ec f   libvcruntime:ehstate.obj
 0001:00011254       ?StateFromIp@__FrameHandler4@@SAHPEAUFuncInfo4@FH4@@PEAU_xDISPATCHER_CONTEXT@@_K@Z 0000000140012254 f   libvcruntime:ehstate.obj
 0001:00012954       ??$TypeMatchHelper@V__FrameHandler3@@@@YAHPEBU_s_HandlerType@@PEBU_s_CatchableType@@PEBU_s_ThrowInfo@@@Z 0000000140013954 f i libvcruntime:frame.obj
 0001:00012a94       ??$TypeMatchHelper@V__FrameHandler4@@@@YAHPEAUHandlerType4@FH4@@PEBU_s_CatchableType@@PEBU_s_ThrowInfo@@@Z 0000000140013a94 f i libvcruntime:frame.obj
 0001:00012bd8       ??$__InternalCxxFrameHandler@V__FrameHandler3@@@@YA?AW4_EXCEPTION_DISPOSITION@@PEAUEHExceptionRecord@@PEA_KPEAU_CONTEXT@@PEAU_xDISPATCHER_CONTEXT@@PEBU_s_FuncInfo@@H1E@Z 0000000140013bd8 f i libvcruntime:frame.obj
 0001:00012e10       ??$__InternalCxxFrameHandler@V__FrameHandler4@@@@YA?AW4_EXCEPTION_DISPOSITION@@PEAUEHExceptionRecord@@PEA_KPEAU_CONTEXT@@PEAU_xDISPATCHER_CONTEXT@@PEAUFuncInfo4@FH4@@H1E@Z 0000000140013e10 f i libvcruntime:frame.obj
 0001:000130a4       ??0HandlerMap4@FH4@@QEAA@PEBUTryBlockMapEntry4@1@_KH@Z 00000001400140a4 f i libvcruntime:frame.obj
 0001:00013120       ??0TryBlockMap4@FH4@@QEAA@PEBUFuncInfo4@1@_K@Z 0000000140014120 f i libvcruntime:frame.obj
 0001:000131f8       ??0bad_exception@std@@QEAA@AEBV01@@Z 00000001400141f8 f i libvcruntime:frame.obj
 0001:00013234       ??0bad_exception@std@@QEAA@XZ 0000000140014234 f i libvcruntime:frame.obj
 0001:00013254       ?CxxCallCatchBlock@__FrameHandler3@@SAPEAXPEAU_EXCEPTION_RECORD@@@Z 0000000140014254 f   libvcruntime:frame.obj
 0001:00013440       ?CxxCallCatchBlock@__FrameHandler4@@SAPEAXPEAU_EXCEPTION_RECORD@@@Z 0000000140014440 f   libvcruntime:frame.obj
 0001:00013690       ?DecompHandler@HandlerMap4@FH4@@AEAAXXZ 0000000140014690 f i libvcruntime:frame.obj
 0001:000138dc       ?FrameUnwindToState@__FrameHandler3@@SAXPEA_KPEAU_xDISPATCHER_CONTEXT@@PEBU_s_FuncInfo@@H@Z 00000001400148dc f   libvcruntime:frame.obj
 0001:00013a68       ?FrameUnwindToState@__FrameHandler4@@SAXPEA_KPEAU_xDISPATCHER_CONTEXT@@PEAUFuncInfo4@FH4@@H@Z 0000000140014a68 f   libvcruntime:frame.obj
 0001:00013d64       ?GetHandlerSearchState@__FrameHandler3@@SAHPEA_KPEAU_xDISPATCHER_CONTEXT@@PEBU_s_FuncInfo@@@Z 0000000140014d64 f i libvcruntime:frame.obj
 0001:00013f74       ?ReadEntry@UWMap4@FH4@@AEAAXPEAPEAE@Z 0000000140014f74 f i libvcruntime:frame.obj
 0001:00014010       ?_CallMemberFunction1@@YAXQEAX00@Z 0000000140015010 f i libvcruntime:frame.obj
 0001:0001401c       ?_CallMemberFunction2@@YAXQEAX00H@Z 000000014001501c f i libvcruntime:frame.obj
 0001:0001402c       ?getStartStop@UWMap4@FH4@@QEAAXHHAEAViterator@12@0@Z 000000014001502c f i libvcruntime:frame.obj
 0001:000140fc       ?getStateFromIterators@UWMap4@FH4@@SAHAEBViterator@12@H0H0@Z 00000001400150fc f i libvcruntime:frame.obj
 0001:000141c8       __vcrt_initialize_locks    00000001400151c8 f   libvcruntime:locks.obj
 0001:00014210       __vcrt_uninitialize_locks  0000000140015210 f   libvcruntime:locks.obj
 0001:00014260       _NLG_Notify                0000000140015260 f   libvcruntime:notify.obj
 0001:00014280       __NLG_Dispatch2            0000000140015280 f   libvcruntime:notify.obj
 0001:00014290       __NLG_Return2              0000000140015290 f   libvcruntime:notify.obj
 0001:00014294       __except_validate_context_record 0000000140015294 f   libvcruntime:jbcxrval.obj
 0001:0001441c       __vcrt_FlsAlloc            000000014001541c f   libvcruntime:winapi_downlevel.obj
 0001:00014464       __vcrt_FlsFree             0000000140015464 f   libvcruntime:winapi_downlevel.obj
 0001:000144ac       __vcrt_FlsGetValue         00000001400154ac f   libvcruntime:winapi_downlevel.obj
 0001:000144f4       __vcrt_FlsSetValue         00000001400154f4 f   libvcruntime:winapi_downlevel.obj
 0001:00014548       __vcrt_InitializeCriticalSectionEx 0000000140015548 f   libvcruntime:winapi_downlevel.obj
 0001:000145c0       _CallSettingFrame          00000001400155c0 f   libvcruntime:handlers.obj
 0001:00014610       _CallSettingFrame_LookupContinuationIndex 0000000140015610 f   libvcruntime:handlers.obj
 0001:00014640       _CallSettingFrame_NotifyContinuationAddr 0000000140015640 f   libvcruntime:handlers.obj
 0001:00014670       _CallSettingFrameEncoded   0000000140015670 f   libvcruntime:handlers.obj
 0001:0001475c       _fwrite_nolock             000000014001575c f   libucrt:fwrite.obj
 0001:00014908       fwrite                     0000000140015908 f   libucrt:fwrite.obj
 0001:0001498c       _fclose_nolock             000000014001598c f   libucrt:fclose.obj
 0001:00014a10       fclose                     0000000140015a10 f   libucrt:fclose.obj
 0001:00014a74       __acrt_initialize_stdio    0000000140015a74 f   libucrt:_file.obj
 0001:00014b94       __acrt_iob_func            0000000140015b94 f   libucrt:_file.obj
 0001:00014ba8       __acrt_uninitialize_stdio  0000000140015ba8 f   libucrt:_file.obj
 0001:00014c04       _get_stream_buffer_pointers 0000000140015c04 f   libucrt:_file.obj
 0001:00014c4c       _lock_file                 0000000140015c4c f   libucrt:_file.obj
 0001:00014c58       _unlock_file               0000000140015c58 f   libucrt:_file.obj
 0001:00014c64       _fputc_nolock              0000000140015c64 f   libucrt:fputc.obj
 0001:00014c7c       fputc                      0000000140015c7c f   libucrt:fputc.obj
 0001:00014da0       _ungetc_nolock             0000000140015da0 f   libucrt:ungetc.obj
 0001:00014ec8       ungetc                     0000000140015ec8 f   libucrt:ungetc.obj
 0001:00014f20       _fgetc_nolock              0000000140015f20 f   libucrt:fgetc.obj
 0001:00014f64       fgetc                      0000000140015f64 f   libucrt:fgetc.obj
 0001:0001506c       __acrt_call_reportfault    000000014001606c f   libucrt:invalid_parameter.obj
 0001:000151c8       __acrt_initialize_invalid_parameter_handler 00000001400161c8 f   libucrt:invalid_parameter.obj
 0001:000151d0       _invalid_parameter         00000001400161d0 f   libucrt:invalid_parameter.obj
 0001:00015280       _invalid_parameter_noinfo  0000000140016280 f   libucrt:invalid_parameter.obj
 0001:000152a0       _invalid_parameter_noinfo_noreturn 00000001400162a0 f   libucrt:invalid_parameter.obj
 0001:000152d0       _invoke_watson             00000001400162d0 f   libucrt:invalid_parameter.obj
 0001:00015318       _fread_nolock_s            0000000140016318 f   libucrt:fread.obj
 0001:00015578       fread                      0000000140016578 f   libucrt:fread.obj
 0001:00015598       fread_s                    0000000140016598 f   libucrt:fread.obj
 0001:00015848       _fseeki64                  0000000140016848 f   libucrt:fseek.obj
 0001:00015850       fseek                      0000000140016850 f   libucrt:fseek.obj
 0001:00015858       fgetpos                    0000000140016858 f   libucrt:fgetpos.obj
 0001:000158a4       fsetpos                    00000001400168a4 f   libucrt:fsetpos.obj
 0001:00015a00       setvbuf                    0000000140016a00 f   libucrt:setvbuf.obj
 0001:00015cb8       __acrt_stdio_flush_nolock  0000000140016cb8 f   libucrt:fflush.obj
 0001:00015d34       _fflush_nolock             0000000140016d34 f   libucrt:fflush.obj
 0001:00015d80       _flushall                  0000000140016d80 f   libucrt:fflush.obj
 0001:00015d88       fflush                     0000000140016d88 f   libucrt:fflush.obj
 0001:00015df0       free                       0000000140016df0 f   libucrt:free.obj
 0001:00015e20       strlen                     0000000140016e20 f   libucrt:strlen.obj
 0001:00015f08       ??$ensure_buffer_is_big_enough@D@formatting_buffer@__crt_stdio_output@@QEAA_N_K@Z 0000000140016f08 f i libucrt:output.obj
 0001:00015fb0       ??$type_case_integer_parse_into_buffer@I@?$output_processor@DV?$stream_output_adapter@D@__crt_stdio_output@@V?$standard_base@DV?$stream_output_adapter@D@__crt_stdio_output@@@2@@__crt_stdio_output@@AEAAXII_N@Z 0000000140016fb0 f i libucrt:output.obj
 0001:00016038       ??$type_case_integer_parse_into_buffer@_K@?$output_processor@DV?$stream_output_adapter@D@__crt_stdio_output@@V?$standard_base@DV?$stream_output_adapter@D@__crt_stdio_output@@@2@@__crt_stdio_output@@AEAAX_KI_N@Z 0000000140017038 f i libucrt:output.obj
 0001:000160c8       ??$write_multiple_characters@V?$stream_output_adapter@D@__crt_stdio_output@@D@__crt_stdio_output@@YAXAEBV?$stream_output_adapter@D@0@DHQEAH@Z 00000001400170c8 f i libucrt:output.obj
 0001:00016154       ??0_LocaleUpdate@@QEAA@QEAU__crt_locale_pointers@@@Z 0000000140017154 f i libucrt:output.obj
 0001:000161f0       ??1_LocaleUpdate@@QEAA@XZ  00000001400171f0 f i libucrt:output.obj
 0001:00016340       ?crop_zeroes@__crt_stdio_output@@YAXPEADQEAU__crt_locale_pointers@@@Z 0000000140017340 f i libucrt:output.obj
 0001:000163e0       ?force_decimal_point@__crt_stdio_output@@YAXPEADQEAU__crt_locale_pointers@@@Z 00000001400173e0 f i libucrt:output.obj
 0001:00016458       ?parse_int_from_format_string@?$output_processor@DV?$stream_output_adapter@D@__crt_stdio_output@@V?$standard_base@DV?$stream_output_adapter@D@__crt_stdio_output@@@2@@__crt_stdio_output@@AEAA_NQEAH@Z 0000000140017458 f i libucrt:output.obj
 0001:000164fc       ?process@?$output_processor@DV?$stream_output_adapter@D@__crt_stdio_output@@V?$standard_base@DV?$stream_output_adapter@D@__crt_stdio_output@@@2@@__crt_stdio_output@@QEAAHXZ 00000001400174fc f i libucrt:output.obj
 0001:00016710       ?state_case_normal@?$output_processor@DV?$stream_output_adapter@D@__crt_stdio_output@@V?$standard_base@DV?$stream_output_adapter@D@__crt_stdio_output@@@2@@__crt_stdio_output@@AEAA_NXZ 0000000140017710 f i libucrt:output.obj
 0001:00016780       ?state_case_normal_tchar@?$output_processor@DV?$stream_output_adapter@D@__crt_stdio_output@@V?$standard_base@DV?$stream_output_adapter@D@__crt_stdio_output@@@2@@__crt_stdio_output@@AEAA_ND@Z 0000000140017780 f i libucrt:output.obj
 0001:00016824       ?state_case_size@?$output_processor@DV?$stream_output_adapter@D@__crt_stdio_output@@V?$standard_base@DV?$stream_output_adapter@D@__crt_stdio_output@@@2@@__crt_stdio_output@@AEAA_NXZ 0000000140017824 f i libucrt:output.obj
 0001:00016994       ?state_case_type@?$output_processor@DV?$stream_output_adapter@D@__crt_stdio_output@@V?$standard_base@DV?$stream_output_adapter@D@__crt_stdio_output@@@2@@__crt_stdio_output@@AEAA_NXZ 0000000140017994 f i libucrt:output.obj
 0001:00016c20       ?to_integer_size@__crt_stdio_output@@YA_KW4length_modifier@1@@Z 0000000140017c20 f i libucrt:output.obj
 0001:00016c88       ?type_case_Z@?$output_processor@DV?$stream_output_adapter@D@__crt_stdio_output@@V?$standard_base@DV?$stream_output_adapter@D@__crt_stdio_output@@@2@@__crt_stdio_output@@AEAA_NXZ 0000000140017c88 f i libucrt:output.obj
 0001:00016cfc       ?type_case_a@?$output_processor@DV?$stream_output_adapter@D@__crt_stdio_output@@V?$standard_base@DV?$stream_output_adapter@D@__crt_stdio_output@@@2@@__crt_stdio_output@@AEAA_NXZ 0000000140017cfc f i libucrt:output.obj
 0001:00016eb8       ?type_case_c_tchar@?$output_processor@DV?$stream_output_adapter@D@__crt_stdio_output@@V?$standard_base@DV?$stream_output_adapter@D@__crt_stdio_output@@@2@@__crt_stdio_output@@AEAA_ND@Z 0000000140017eb8 f i libucrt:output.obj
 0001:00016f80       ?type_case_integer@?$output_processor@DV?$stream_output_adapter@D@__crt_stdio_output@@V?$standard_base@DV?$stream_output_adapter@D@__crt_stdio_output@@@2@@__crt_stdio_output@@AEAA_NI_N@Z 0000000140017f80 f i libucrt:output.obj
 0001:00017100       ?type_case_n@?$output_processor@DV?$stream_output_adapter@D@__crt_stdio_output@@V?$standard_base@DV?$stream_output_adapter@D@__crt_stdio_output@@@2@@__crt_stdio_output@@AEAA_NXZ 0000000140018100 f i libucrt:output.obj
 0001:00017188       ?type_case_s@?$output_processor@DV?$stream_output_adapter@D@__crt_stdio_output@@V?$standard_base@DV?$stream_output_adapter@D@__crt_stdio_output@@@2@@__crt_stdio_output@@AEAA_NXZ 0000000140018188 f i libucrt:output.obj
 0001:00017220       ?validate_stream_is_ansi_if_required@?$__acrt_stdio_char_traits@D@@SA_NQEAU_iobuf@@@Z 0000000140018220 f i libucrt:output.obj
 0001:000172bc       ?write_stored_string_tchar@?$output_processor@DV?$stream_output_adapter@D@__crt_stdio_output@@V?$standard_base@DV?$stream_output_adapter@D@__crt_stdio_output@@@2@@__crt_stdio_output@@AEAA_ND@Z 00000001400182bc f i libucrt:output.obj
 0001:000173e0       ?write_string_impl@?$output_adapter_common@DV?$stream_output_adapter@D@__crt_stdio_output@@@__crt_stdio_output@@IEBAXQEBDHQEAHAEAV__crt_deferred_errno_cache@@@Z 00000001400183e0 f i libucrt:output.obj
 0001:000174d8       __stdio_common_vfprintf    00000001400184d8 f   libucrt:output.obj
 0001:00017564       _seh_filter_exe            0000000140018564 f   libucrt:exception_filter.obj
 0001:00017954       __acrt_initialize_thread_local_exit_callback 0000000140018954 f   libucrt:exit.obj
 0001:0001795c       _c_exit                    000000014001895c f   libucrt:exit.obj
 0001:0001796c       _cexit                     000000014001896c f   libucrt:exit.obj
 0001:0001797c       _exit                      000000014001897c f   libucrt:exit.obj
 0001:00017988       _register_thread_local_exe_atexit_callback 0000000140018988 f   libucrt:exit.obj
 0001:000179c4       exit                       00000001400189c4 f   libucrt:exit.obj
 0001:00017b90       __acrt_allocate_buffer_for_argv 0000000140018b90 f   libucrt:argv_parsing.obj
 0001:00017bf0       _configure_narrow_argv     0000000140018bf0 f   libucrt:argv_parsing.obj
 0001:0001803c       __dcrt_get_or_create_narrow_environment_nolock 000000014001903c f   libucrt:environment_initialization.obj
 0001:00018078       __dcrt_uninitialize_environments_nolock 0000000140019078 f   libucrt:environment_initialization.obj
 0001:000180b0       _get_initial_narrow_environment 00000001400190b0 f   libucrt:environment_initialization.obj
 0001:00018100       _initialize_narrow_environment 0000000140019100 f   libucrt:environment_initialization.obj
 0001:00018448       _crt_atexit                0000000140019448 f   libucrt:onexit.obj
 0001:00018458       _execute_onexit_table      0000000140019458 f   libucrt:onexit.obj
 0001:00018494       _initialize_onexit_table   0000000140019494 f   libucrt:onexit.obj
 0001:000184bc       _register_onexit_function  00000001400194bc f   libucrt:onexit.obj
 0001:00018630       __acrt_initialize          0000000140019630 f   libucrt:initialization.obj
 0001:00018644       __acrt_uninitialize        0000000140019644 f   libucrt:initialization.obj
 0001:0001867c       __acrt_initialize_new_handler 000000014001967c f   libucrt:new_handler.obj
 0001:00018684       _callnewh                  0000000140019684 f   libucrt:new_handler.obj
 0001:000186b4       _query_new_handler         00000001400196b4 f   libucrt:new_handler.obj
 0001:000186e8       malloc                     00000001400196e8 f   libucrt:malloc.obj
 0001:000186f0       _query_app_type            00000001400196f0 f   libucrt:report_runtime_error.obj
 0001:000186f8       _set_app_type              00000001400196f8 f   libucrt:report_runtime_error.obj
 0001:00018700       __acrt_has_user_matherr    0000000140019700 f   libucrt:matherr.obj
 0001:00018720       __acrt_initialize_user_matherr 0000000140019720 f   libucrt:matherr.obj
 0001:00018728       __acrt_invoke_user_matherr 0000000140019728 f   libucrt:matherr.obj
 0001:00018758       __setusermatherr           0000000140019758 f   libucrt:matherr.obj
 0001:00018780       _initterm                  0000000140019780 f   libucrt:initterm.obj
 0001:000187e4       _initterm_e                00000001400197e4 f   libucrt:initterm.obj
 0001:00018824       _get_fmode                 0000000140019824 f   libucrt:setmode.obj
 0001:00018854       _set_fmode                 0000000140019854 f   libucrt:setmode.obj
 0001:00018894       _setmode_nolock            0000000140019894 f   libucrt:setmode.obj
 0001:00018974       __acrt_initialize_command_line 0000000140019974 f   libucrt:argv_data.obj
 0001:0001899c       __p___argc                 000000014001999c f   libucrt:argv_data.obj
 0001:000189a4       __p___argv                 00000001400199a4 f   libucrt:argv_data.obj
 0001:00018c14       ?commit_locale_name@_expandlocale_locale_name_cache@@QEAAXQEB_W_K@Z 0000000140019c14 f i libucrt:wsetlocale.obj
 0001:00018c8c       __acrt_copy_locale_name    0000000140019c8c f   libucrt:wsetlocale.obj
 0001:00018d10       __acrt_set_locale_changed  0000000140019d10 f   libucrt:wsetlocale.obj
 0001:00018d1c       __acrt_uninitialize_locale 0000000140019d1c f   libucrt:wsetlocale.obj
 0001:00018d4c       __lc_lctowcs               0000000140019d4c f   libucrt:wsetlocale.obj
 0001:00018df0       __lc_wcstolc               0000000140019df0 f   libucrt:wsetlocale.obj
 0001:00018f58       _configthreadlocale        0000000140019f58 f   libucrt:wsetlocale.obj
 0001:00019504       _wcscats                   000000014001a504 f   libucrt:wsetlocale.obj
 0001:0001956c       _wsetlocale                000000014001a56c f   libucrt:wsetlocale.obj
 0001:0001a2bc       _query_new_mode            000000014001b2bc f   libucrt:new_mode.obj
 0001:0001a2c4       _set_new_mode              000000014001b2c4 f   libucrt:new_mode.obj
 0001:0001a2f0       __p__commode               000000014001b2f0 f   libucrt:ncommode.obj
 0001:0001a2f8       terminate                  000000014001b2f8 f   libucrt:terminate.obj
 0001:0001a5f4       setlocale                  000000014001b5f4 f   libucrt:setlocale.obj
 0001:0001a640       __acrt_initialize_locks    000000014001b640 f   libucrt:locks.obj
 0001:0001a688       __acrt_lock                000000014001b688 f   libucrt:locks.obj
 0001:0001a6a4       __acrt_uninitialize_locks  000000014001b6a4 f   libucrt:locks.obj
 0001:0001a6dc       __acrt_unlock              000000014001b6dc f   libucrt:locks.obj
 0001:0001a6f8       _lock_locales              000000014001b6f8 f   libucrt:locks.obj
 0001:0001a714       _unlock_locales            000000014001b714 f   libucrt:locks.obj
 0001:0001a7e0       _fsopen                    000000014001b7e0 f   libucrt:fopen.obj
 0001:0001a7e8       __pctype_func              000000014001b7e8 f   libucrt:ctype.obj
 0001:0001a820       islower                    000000014001b820 f   libucrt:_ctype.obj
 0001:0001a8d0       isupper                    000000014001b8d0 f   libucrt:_ctype.obj
 0001:0001a978       ___lc_codepage_func        000000014001b978 f   libucrt:initctype.obj
 0001:0001a9a8       ___lc_locale_name_func     000000014001b9a8 f   libucrt:initctype.obj
 0001:0001a9dc       __acrt_locale_initialize_ctype 000000014001b9dc f   libucrt:initctype.obj
 0001:0001b040       calloc                     000000014001c040 f   libucrt:calloc.obj
 0001:0001b048       _wcsdup                    000000014001c048 f   libucrt:wcsdup.obj
 0001:0001b0cc       rand_s                     000000014001c0cc f   libucrt:rand_s.obj
 0001:0001b118       __acrt_errno_from_os_error 000000014001c118 f   libucrt:errno.obj
 0001:0001b160       __acrt_errno_map_os_error  000000014001c160 f   libucrt:errno.obj
 0001:0001b1b0       __doserrno                 000000014001c1b0 f   libucrt:errno.obj
 0001:0001b1d0       _errno                     000000014001c1d0 f   libucrt:errno.obj
 0001:0001b1f0       ?divide@__crt_strtox@@YA_KAEAUbig_integer@1@AEBU21@@Z 000000014001c1f0 f i libucrt:strtod.obj
 0001:0001b61c       _ischartype_l              000000014001c61c f i libucrt:strtod.obj
 0001:0001b720       pow                        000000014001c720 f   libucrt:pow.obj
 0001:0001cdc0       powf                       000000014001ddc0 f   libucrt:powf.obj
 0001:0001dc88       abort                      000000014001ec88 f   libucrt:abort.obj
 0001:0001dce0       __strncnt                  000000014001ece0 f   libucrt:strncnt.obj
 0001:0001dcf8       ??$__acrt_mbs_to_wcs_cp@U__crt_win32_buffer_internal_dynamic_resizing@@@@YAHQEBDAEAV?$__crt_win32_buffer@_WU__crt_win32_buffer_internal_dynamic_resizing@@@@I@Z 000000014001ecf8 f i libucrt:strftime.obj
 0001:0001de70       ??$__acrt_wcs_to_mbs_cp@U__crt_win32_buffer_no_resizing@@@@YAHQEB_WAEAV?$__crt_win32_buffer@DU__crt_win32_buffer_no_resizing@@@@I@Z 000000014001ee70 f i libucrt:strftime.obj
 0001:0001df84       strnlen                    000000014001ef84 f   libucrt:strnlen.obj
 0001:0001e0d4       wcsnlen                    000000014001f0d4 f   libucrt:strnlen.obj
 0001:0001e2ac       strcpy_s                   000000014001f2ac f   libucrt:strcpy_s.obj
 0001:0001e30c       ??$parse_integer@KV?$c_string_character_source@D@__crt_strtox@@@__crt_strtox@@YAKQEAU__crt_locale_pointers@@V?$c_string_character_source@D@0@H_N@Z 000000014001f30c f i libucrt:atox.obj
 0001:0001e610       ??$parse_integer@KV?$c_string_character_source@_W@__crt_strtox@@@__crt_strtox@@YAKQEAU__crt_locale_pointers@@V?$c_string_character_source@_W@0@H_N@Z 000000014001f610 f i libucrt:atox.obj
 0001:0001ecb8       _wtol                      000000014001fcb8 f   libucrt:atox.obj
 0001:0001ed00       strncmp                    000000014001fd00 f   libucrt:strncmp.obj
 0001:0001ed80       wcsncmp                    000000014001fd80 f   libucrt:wcsncmp.obj
 0001:0001f628       _write                     0000000140020628 f   libucrt:write.obj
 0001:0001f714       _write_nolock              0000000140020714 f   libucrt:write.obj
 0001:0001f9f8       _fileno                    00000001400209f8 f   libucrt:fileno.obj
 0001:0001fb80       __acrt_stdio_flush_and_write_narrow_nolock 0000000140020b80 f   libucrt:_flsbuf.obj
 0001:0001fc38       __acrt_should_use_temporary_buffer 0000000140020c38 f   libucrt:_sftbuf.obj
 0001:0001fc80       __acrt_stdio_begin_temporary_buffering_nolock 0000000140020c80 f   libucrt:_sftbuf.obj
 0001:0001fd48       __acrt_stdio_end_temporary_buffering_nolock 0000000140020d48 f   libucrt:_sftbuf.obj
 0001:0001fd84       _free_base                 0000000140020d84 f   libucrt:free_base.obj
 0001:0001fe38       _close                     0000000140020e38 f   libucrt:close.obj
 0001:0001fedc       _close_nolock              0000000140020edc f   libucrt:close.obj
 0001:0001ff9c       ?__acrt_stdio_allocate_stream@@YA?AV__crt_stdio_stream@@XZ 0000000140020f9c f   libucrt:stream.obj
 0001:0001fff4       ?__acrt_stdio_free_stream@@YAXV__crt_stdio_stream@@@Z 0000000140020ff4 f   libucrt:stream.obj
 0001:000200fc       __acrt_stdio_free_buffer_nolock 00000001400210fc f   libucrt:_freebuf.obj
 0001:0002013c       _calloc_base               000000014002113c f   libucrt:calloc_base.obj
 0001:00020430       __acrt_AppPolicyGetProcessTerminationMethodInternal 0000000140021430 f   libucrt:winapi_thunks.obj
 0001:00020480       __acrt_AreFileApisANSI     0000000140021480 f   libucrt:winapi_thunks.obj
 0001:000204bc       __acrt_CompareStringEx     00000001400214bc f   libucrt:winapi_thunks.obj
 0001:00020598       __acrt_EnumSystemLocalesEx 0000000140021598 f   libucrt:winapi_thunks.obj
 0001:00020630       __acrt_FlsAlloc            0000000140021630 f   libucrt:winapi_thunks.obj
 0001:00020678       __acrt_FlsFree             0000000140021678 f   libucrt:winapi_thunks.obj
 0001:000206c0       __acrt_FlsGetValue         00000001400216c0 f   libucrt:winapi_thunks.obj
 0001:00020708       __acrt_FlsSetValue         0000000140021708 f   libucrt:winapi_thunks.obj
 0001:0002075c       __acrt_GetLocaleInfoEx     000000014002175c f   libucrt:winapi_thunks.obj
 0001:000207e0       __acrt_GetUserDefaultLocaleName 00000001400217e0 f   libucrt:winapi_thunks.obj
 0001:00020844       __acrt_InitializeCriticalSectionEx 0000000140021844 f   libucrt:winapi_thunks.obj
 0001:000208a8       __acrt_IsValidLocaleName   00000001400218a8 f   libucrt:winapi_thunks.obj
 0001:00020900       __acrt_LCIDToLocaleName    0000000140021900 f   libucrt:winapi_thunks.obj
 0001:00020970       __acrt_LCMapStringEx       0000000140021970 f   libucrt:winapi_thunks.obj
 0001:00020a4c       __acrt_LocaleNameToLCID    0000000140021a4c f   libucrt:winapi_thunks.obj
 0001:00020a9c       __acrt_RtlGenRandom        0000000140021a9c f   libucrt:winapi_thunks.obj
 0001:00020aec       __acrt_can_use_vista_locale_apis 0000000140021aec f   libucrt:winapi_thunks.obj
 0001:00020b1c       __acrt_eagerly_load_locale_apis 0000000140021b1c f   libucrt:winapi_thunks.obj
 0001:00020c78       __acrt_initialize_winapi_thunks 0000000140021c78 f   libucrt:winapi_thunks.obj
 0001:00020cac       __acrt_uninitialize_winapi_thunks 0000000140021cac f   libucrt:winapi_thunks.obj
 0001:00020cf0       _fcloseall                 0000000140021cf0 f   libucrt:closeall.obj
 0001:00020fa0       __acrt_initialize_lowio    0000000140021fa0 f   libucrt:ioinit.obj
 0001:00020fdc       __acrt_uninitialize_lowio  0000000140021fdc f   libucrt:ioinit.obj
 0001:0002101c       __acrt_stdio_allocate_buffer_nolock 000000014002201c f   libucrt:_getbuf.obj
 0001:00021088       __acrt_stdio_refill_and_read_narrow_nolock 0000000140022088 f   libucrt:_filbuf.obj
 0001:0002156c       __acrt_getptd              000000014002256c f   libucrt:per_thread_data.obj
 0001:00021640       __acrt_getptd_head         0000000140022640 f   libucrt:per_thread_data.obj
 0001:000216e8       __acrt_getptd_noexit       00000001400226e8 f   libucrt:per_thread_data.obj
 0001:000217b4       __acrt_initialize_ptd      00000001400227b4 f   libucrt:per_thread_data.obj
 0001:000217f0       __acrt_uninitialize_ptd    00000001400227f0 f   libucrt:per_thread_data.obj
 0001:00021d7c       _read                      0000000140022d7c f   libucrt:read.obj
 0001:00021e98       _read_nolock               0000000140022e98 f   libucrt:read.obj
 0001:000227c0       _ftelli64                  00000001400237c0 f   libucrt:ftell.obj
 0001:000227c8       _ftelli64_nolock           00000001400237c8 f   libucrt:ftell.obj
 0001:0002295c       _lseeki64                  000000014002395c f   libucrt:lseek.obj
 0001:00022964       _lseeki64_nolock           0000000140023964 f   libucrt:lseek.obj
 0001:000229f8       _commit                    00000001400239f8 f   libucrt:commit.obj
 0001:00022a8c       _malloc_base               0000000140023a8c f   libucrt:malloc_base.obj
 0001:00022aec       strtol                     0000000140023aec f   libucrt:strtox.obj
 0001:00022b18       _mbtowc_l                  0000000140023b18 f   libucrt:mbtowc.obj
 0001:00022c98       mbtowc                     0000000140023c98 f   libucrt:mbtowc.obj
 0001:00022ca0       _wctomb_s_l                0000000140023ca0 f   libucrt:wctomb.obj
 0001:00022e3c       __acrt_update_locale_info  0000000140023e3c f   libucrt:locale_update.obj
 0001:00022e70       __acrt_update_multibyte_info 0000000140023e70 f   libucrt:locale_update.obj
 0001:000238b0       __acrt_fp_format           00000001400248b0 f   libucrt:cvt.obj
 0001:00023be8       _get_printf_count_output   0000000140024be8 f   libucrt:printf_count_output.obj
 0001:00023c00       __acrt_get_process_end_policy 0000000140024c00 f   libucrt:win_policies.obj
 0001:00023c50       ??$__acrt_wcs_to_mbs_cp@U__crt_win32_buffer_internal_dynamic_resizing@@@@YAHQEB_WAEAV?$__crt_win32_buffer@DU__crt_win32_buffer_internal_dynamic_resizing@@@@I@Z 0000000140024c50 f i libucrt:argv_wildcards.obj
 0001:00024480       __acrt_expand_narrow_argv_wildcards 0000000140025480 f   libucrt:argv_wildcards.obj
 0001:00024488       __acrt_GetModuleFileNameA  0000000140025488 f   libucrt:getmodulefilenamea.obj
 0001:00024cd0       __acrt_initialize_multibyte 0000000140025cd0 f   libucrt:mbctype.obj
 0001:00024d30       __acrt_update_thread_multibyte_data 0000000140025d30 f   libucrt:mbctype.obj
 0001:00024d4c       _setmbcp_nolock            0000000140025d4c f   libucrt:mbctype.obj
 0001:00025080       _ismbblead                 0000000140026080 f   libucrt:ismbbyte.obj
 0001:00025094       wcscpy_s                   0000000140026094 f   libucrt:wcscpy_s.obj
 0001:000250fc       __acrt_MultiByteToWideChar 00000001400260fc f   libucrt:multibytetowidechar.obj
 0001:00025158       __acrt_WideCharToMultiByte 0000000140026158 f   libucrt:widechartomultibyte.obj
 0001:00025208       __dcrt_get_narrow_environment_from_os 0000000140026208 f   libucrt:get_environment_from_os.obj
 0001:00025714       __dcrt_set_variable_in_narrow_environment_nolock 0000000140026714 f   libucrt:setenv.obj
 0001:0002571c       _recalloc_base             000000014002671c f   libucrt:recalloc.obj
 0001:000257b4       __acrt_initialize_heap     00000001400267b4 f   libucrt:heap_handle.obj
 0001:000257d0       __acrt_uninitialize_heap   00000001400267d0 f   libucrt:heap_handle.obj
 0001:000257dc       __acrt_execute_initializers 00000001400267dc f   libucrt:shared_initialization.obj
 0001:0002585c       __acrt_execute_uninitializers 000000014002685c f   libucrt:shared_initialization.obj
 0001:000258e0       __acrt_get_sigabrt_handler 00000001400268e0 f   libucrt:signal.obj
 0001:00025910       __acrt_initialize_signal_handlers 0000000140026910 f   libucrt:signal.obj
[...]
 0002:00014d0c       $unwind$??$__acrt_wcs_to_mbs_cp@U__crt_win32_buffer_internal_dynamic_resizing@@@@YAHQEB_WAEAV?$__crt_win32_buffer@DU__crt_win32_buffer_internal_dynamic_resizing@@@@I@Z 0000000140046d0c     libucrt:argv_wildcards.obj
 0002:00014d24       $unwind$?fp_format_g@@YAHQEBNQEAD_K12H_NIW4__acrt_rounding_mode@@QEAU__crt_locale_pointers@@@Z 0000000140046d24     libucrt:cvt.obj
 0002:00014d38       $unwind$??$common_expand_argv_wildcards@D@@YAHQEAPEADQEAPEAPEAD@Z 0000000140046d38     libucrt:argv_wildcards.obj
 0002:00014d50       $unwind$__acrt_GetModuleFileNameA 0000000140046d50     libucrt:getmodulefilenamea.obj
 0002:00014d6c       $unwind$_setmbcp_nolock    0000000140046d6c     libucrt:mbctype.obj
 0002:00014d8c       $unwind$__dcrt_lowio_ensure_console_output_initialized 0000000140046d8c     libucrt:initcon.obj
 0002:00014d8c       $unwind$_isleadbyte_l      0000000140046d8c     libucrt:_wctype.obj
 0002:00014d8c       $unwind$?getSystemCP@@YAHH@Z 0000000140046d8c     libucrt:mbctype.obj
 0002:00014d94       $unwind$?update_thread_multibyte_data_internal@@YAPEAU__crt_multibyte_data@@QEAU__acrt_ptd@@QEAPEAU1@@Z 0000000140046d94     libucrt:mbctype.obj
 0002:00014dbc       $unwind$?setmbcp_internal@@YAHH_NQEAU__acrt_ptd@@QEAPEAU__crt_multibyte_data@@@Z 0000000140046dbc     libucrt:mbctype.obj
 0002:00014dcc       $unwind$?setSBUpLow@@YAXPEAU__crt_multibyte_data@@@Z 0000000140046dcc     libucrt:mbctype.obj
 0002:00014de8       $unwind$??$?RV<lambda_efdfa57d1f175319df784efa44bb7b81>@@AEAV<lambda_5f0a4c1567f8adc6734073e5d1e1b35c>@@V<lambda_2e8a7d3640ea6ccb4c2413664c2db6fd>@@@?$__crt_seh_guarded_call@X@@QEAAX$$QEAV<lambda_efdfa57d1f175319df784efa44bb7b81>@@AEAV<lambda_5f0a4c1567f8adc6734073e5d1e1b35c>@@$$QEAV<lambda_2e8a7d3640ea6ccb4c2413664c2db6fd>@@@Z 0000000140046de8     libucrt:mbctype.obj
 0002:00014e0c       $unwind$__acrt_WideCharToMultiByte 0000000140046e0c     libucrt:widechartomultibyte.obj
 0002:00014e18       $unwind$??$common_set_variable_in_environment_nolock@D@@YAHQEADH@Z 0000000140046e18     libucrt:setenv.obj
 0002:00014e30       $unwind$??$copy_environment@D@@YAPEAPEADQEAPEAD@Z 0000000140046e30     libucrt:setenv.obj
 0002:00014e44       $unwind$raise              0000000140046e44     libucrt:signal.obj
 0002:00014e80       $unwind$??$?RV<lambda_450d765d439847d4c735a33c368b5fc0>@@AEAV<lambda_44731a7d0e6d81c3e6aa82d741081786>@@V<lambda_601a2a7da3b7a96e9554ac7215c4b07c>@@@?$__crt_seh_guarded_call@P6AXH@Z@@QEAAP6AXH@Z$$QEAV<lambda_450d765d439847d4c735a33c368b5fc0>@@AEAV<lambda_44731a7d0e6d81c3e6aa82d741081786>@@$$QEAV<lambda_601a2a7da3b7a96e9554ac7215c4b07c>@@@Z 0000000140046e80     libucrt:signal.obj
 0002:00014ea4       $unwind$_alloc_osfhnd      0000000140046ea4     libucrt:osfinfo.obj
 0002:00014ed4       $unwind$__acrt_lowio_destroy_handle_array 0000000140046ed4     libucrt:osfinfo.obj
 0002:00014ee4       $unwind$__acrt_lowio_ensure_fh_exists 0000000140046ee4     libucrt:osfinfo.obj
 0002:00014f10       $unwind$__acrt_locale_initialize_monetary 0000000140046f10     libucrt:initmon.obj
 0002:00014f10       $unwind$?initialize_lc_time@@YA_NQEAU__crt_lc_time_data@@QEAU__crt_locale_data@@@Z 0000000140046f10     libucrt:inittime.obj
 0002:00014f2c       $unwind$__acrt_locale_free_monetary 0000000140046f2c     libucrt:initmon.obj
 0002:00014f34       $unwind$__acrt_locale_free_time 0000000140046f34     libucrt:inittime.obj
 0002:00014f44       $unwind$__acrt_GetStringTypeA 0000000140046f44     libucrt:getstringtypea.obj
 0002:00014f6c       $unwind$__acrt_update_thread_locale_data 0000000140046f6c     libucrt:locale_refcounting.obj
 0002:00014f90       $unwind$__acrt_get_qualified_locale 0000000140046f90     libucrt:get_qualified_locale.obj
 0002:00014fac       $unwind$LangCountryEnumProcEx 0000000140046fac     libucrt:get_qualified_locale.obj
 0002:00014fcc       $unwind$LanguageEnumProcEx 0000000140046fcc     libucrt:get_qualified_locale.obj
 0002:00014fe8       $unwind$GetLocaleNameFromDefault 0000000140046fe8     libucrt:get_qualified_locale.obj
 0002:00015000       $unwind$ProcessCodePage    0000000140047000     libucrt:get_qualified_locale.obj
 0002:00015000       $unwind$ProcessCodePage    0000000140047000     libucrt:getqloc_downlevel.obj
 0002:00015000       $unwind$TestDefaultLanguage 0000000140047000     libucrt:getqloc_downlevel.obj
 0002:00015010       $unwind$TestDefaultCountry 0000000140047010     libucrt:get_qualified_locale.obj
 0002:00015020       $unwind$__acrt_get_qualified_locale_downlevel 0000000140047020     libucrt:getqloc_downlevel.obj
 0002:0001503c       $unwind$LangCountryEnumProc 000000014004703c     libucrt:getqloc_downlevel.obj
 0002:0001505c       $unwind$LanguageEnumProc   000000014004705c     libucrt:getqloc_downlevel.obj
 0002:00015078       $unwind$CountryEnumProc    0000000140047078     libucrt:getqloc_downlevel.obj
 0002:00015098       $unwind$_mbstowcs_s_l      0000000140047098     libucrt:mbstowcs.obj
 0002:000150b0       $unwind$?_mbstowcs_l_helper@@YA_KPEA_WPEBD_KPEAU__crt_locale_pointers@@@Z 00000001400470b0     libucrt:mbstowcs.obj
 0002:000150c8       $unwind$?_wcstombs_l_helper@@YA_KPEADPEB_W_KPEAU__crt_locale_pointers@@@Z 00000001400470c8     libucrt:wcstombs.obj
 0002:000150ec       $stateUnwindMap$?_wcstombs_l_helper@@YA_KPEADPEB_W_KPEAU__crt_locale_pointers@@@Z 00000001400470ec     libucrt:wcstombs.obj
 0002:000150f8       $ip2state$?_wcstombs_l_helper@@YA_KPEADPEB_W_KPEAU__crt_locale_pointers@@@Z 00000001400470f8     libucrt:wcstombs.obj
 0002:00015108       $unwind$_openfile          0000000140047108     libucrt:openfile.obj
 0002:0001511c       $unwind$_isctype_l         000000014004711c     libucrt:isctype.obj
 0002:00015138       $unwind$__acrt_GetLocaleInfoA 0000000140047138     libucrt:getlocaleinfoa.obj
 0002:00015158       $unwind$?InternalGetLocaleInfoA@@YAHQEAU__crt_locale_pointers@@QEB_WKQEADH@Z 0000000140047158     libucrt:getlocaleinfoa.obj
 0002:00015180       $unwind$__acrt_LCMapStringA 0000000140047180     libucrt:lcmapstringa.obj
 0002:00015190       $unwind$?__acrt_LCMapStringA_stat@@YAHPEAU__crt_locale_pointers@@PEB_WKPEBDHPEADHHH@Z 0000000140047190     libucrt:lcmapstringa.obj
 0002:000151b8       $unwind$_raise_exc_ex      00000001400471b8     libucrt:fpexcept.obj
 0002:000151cc       $unwind$_ctrlfp            00000001400471cc     libucrt:fpctrl.obj
 0002:000151f4       $unwind$__acrt_initialize_fma3 00000001400471f4     libucrt:fma3_available.obj
 0002:000151fc       $unwind$_powf_special      00000001400471fc     libucrt:pow_special.obj
 0002:0001520c       $unwind$_pow_special       000000014004720c     libucrt:pow_special.obj
 0002:00015218       $unwind$_wcsicmp_l         0000000140047218     libucrt:wcsicmp.obj
 0002:00015230       $unwind$?__mbsrtowcs_utf8@__crt_mbstring@@YA_KPEA_WPEAPEBD_KPEAU_Mbstatet@@@Z 0000000140047230     libucrt:mbrtowc.obj
 0002:00015248       $unwind$_putwch_nolock     0000000140047248     libucrt:putwch.obj
 0002:00015250       $unwind$__acrt_fltout      0000000140047250     libucrt:cfout.obj
 0002:00015270       $unwind$qsort              0000000140047270     libucrt:qsort.obj
 0002:00015288       $chain$4$qsort             0000000140047288     libucrt:qsort.obj
 0002:000152ac       $chain$5$qsort             00000001400472ac     libucrt:qsort.obj
 0002:000152bc       $unwind$strpbrk            00000001400472bc     libucrt:strpbrk.obj
 0002:000152cc       $unwind$fallbackMethod     00000001400472cc     libucrt:strpbrk.obj
 0002:000152dc       $unwind$_mbsdec_l          00000001400472dc     libucrt:mbsdec.obj
 0002:000152e8       $unwind$_strnicoll_l       00000001400472e8     libucrt:strnicol.obj
 0002:000152fc       $unwind$__acrt_SetEnvironmentVariableA 00000001400472fc     libucrt:setenvironmentvariablea.obj
 0002:00015318       $unwind$_wcsnicmp_l        0000000140047318     libucrt:wcsnicmp.obj
 0002:00015334       $unwind$?__wcsrtombs_utf8@__crt_mbstring@@YA_KPEADPEAPEB_W_KPEAU_Mbstatet@@@Z 0000000140047334     libucrt:wcrtomb.obj
 0002:00015354       $unwind$_sopen_nolock      0000000140047354     libucrt:open.obj
 0002:00015370       $unwind$_wsopen_nolock     0000000140047370     libucrt:open.obj
 0002:00015390       $unwind$??$common_sopen_dispatch@D@@YAHQEBDHHHQEAHH@Z 0000000140047390     libucrt:open.obj
 0002:000153b4       $unwind$?fin$0@?0???$common_sopen_dispatch@D@@YAHQEBDHHHQEAHH@Z@4HA 00000001400473b4     libucrt:open.obj
 0002:000153bc       $unwind$?decode_options@@YA?AUfile_options@?A0xa9d50aae@@HHH@Z 00000001400473bc     libucrt:open.obj
 0002:000153d0       $unwind$?truncate_ctrl_z_if_present@@YAHH@Z 00000001400473d0     libucrt:open.obj
 0002:000153e0       $xdatasym                  00000001400473e0     libucrt:fpsr.obj
 0002:000153e8       $unwind$__acrt_fenv_set_control 00000001400473e8     libucrt:_fenvutils.obj
 0002:000153f8       $unwind$_call_matherr      00000001400473f8     libucrt:libm_error.obj
 0002:00015400       $unwind$_handle_error      0000000140047400     libucrt:libm_error.obj
 0002:00015400       $unwind$_handle_errorf     0000000140047400     libucrt:libm_error.obj
 0002:00015420       $unwind$_towlower_l        0000000140047420     libucrt:towlower.obj
 0002:00015428       $unwind$?__mbrtoc32_utf8@__crt_mbstring@@YA_KPEA_UPEBD_KPEAU_Mbstatet@@@Z 0000000140047428     libucrt:mbrtoc32.obj
 0002:00015448       $xdatasym                  0000000140047448     libucrt:log10.obj
 0002:00015454       $unwind$__acrt_CompareStringA 0000000140047454     libucrt:comparestringa.obj
 0002:00015464       $unwind$?InternalCompareStringA@@YAHPEAU__crt_locale_pointers@@PEB_WKPEBDH2HH@Z 0000000140047464     libucrt:comparestringa.obj
 0002:00015488       $unwind$common_control87   0000000140047488     libucrt:ieee.obj
 0002:000154b4       $unwind$_log_special_common 00000001400474b4     libucrt:log_special.obj
 0002:000154c0       $unwind$__GSHandlerCheckCommon 00000001400474c0     libcmt:gshandler.obj
 0002:000154c8       $xdatasym                  00000001400474c8     libcmt:amdsecgs.obj
 0002:000154cc       $unwind$_IsNonwritableInCurrentImage 00000001400474cc     libcmt:pesect.obj
 0002:000154f0       $unwind$__report_securityfailure 00000001400474f0     libcmt:gs_report.obj
 0002:000154f8       $unwind$__report_gsfailure 00000001400474f8     libcmt:gs_report.obj
 0002:00015500       $unwind$capture_current_context 0000000140047500     libcmt:gs_report.obj
 0002:0001550c       $unwind$capture_previous_context 000000014004750c     libcmt:gs_report.obj
 0002:00015518       $unwind$_local_unwind      0000000140047518     libvcruntime:jmpuwind.obj
 0002:00015ca6       .idata$6                   0000000140047ca6     kernel32:KERNEL32.dll
 0003:00000664       ?init@std@@3JA             0000000140049664     libcpmt:xlock.obj
 0003:000006a8       ?atcount_cdecl@@3_KA       00000001400496a8     libcpmt:iosptrs.obj
 0003:000006b0       ?__vcrt_flsindex@@3KA      00000001400496b0     libvcruntime:per_thread_data.obj
 0003:000007d0       _ctype_loc_style           00000001400497d0     libucrt:wsetlocale.obj
 0003:000007e8       ?errno_no_memory@@3HA      00000001400497e8     libucrt:errno.obj
 0003:000007ec       ?doserrno_no_memory@@3KA   00000001400497ec     libucrt:errno.obj
 0003:000008f8       ?__acrt_flsindex@@3KA      00000001400498f8     libucrt:per_thread_data.obj
 0003:00000da0       _mbctypes                  0000000140049da0     libucrt:mbctype.obj
 0003:00000eb0       _mbcasemaps                0000000140049eb0     libucrt:mbctype.obj
 0003:00000fb0       ?__rgctypeflag@@3PADA      0000000140049fb0     libucrt:mbctype.obj
 0003:00000fc0       ?__rgcode_page_info@@3PAUcode_page_info@@A 0000000140049fc0     libucrt:mbctype.obj
 0003:000010b4       ?dazSupported@?1??_ctrlfp@@9@9 000000014004a0b4     libucrt:fpctrl.obj
 0003:000010c0       ?tzstd_program@@3PADA      000000014004a0c0     libucrt:timeset.obj
 0003:00001100       ?tzdst_program@@3PADA      000000014004a100     libucrt:timeset.obj
 0003:00001140       ?w_tzstd_program@@3PA_WA   000000014004a140     libucrt:timeset.obj
 0003:000011c0       ?w_tzdst_program@@3PA_WA   000000014004a1c0     libucrt:timeset.obj
 0003:00001240       ?tzname_states@@3PAY01PEADA 000000014004a240     libucrt:timeset.obj
 0003:00001250       ?w_tzname_states@@3PAY01PEA_WA 000000014004a250     libucrt:timeset.obj
 0003:00001260       ?__dcrt_lowio_console_output_handle@@3PEAXEA 000000014004a260     libucrt:initcon.obj
 0003:00001270       ?dazSupported@?1??common_control87@@9@9 000000014004a270     libucrt:ieee.obj
 0003:000013b8       ?g_tss_cv@@3U_RTL_CONDITION_VARIABLE@@A 000000014004a3b8     libcmt:thread_safe_statics.obj
 0003:000013c0       ?g_tss_event@@3PEAXEA      000000014004a3c0     libcmt:thread_safe_statics.obj
 0003:000013c8       ?g_tss_mutex@@3U_RTL_CRITICAL_SECTION@@A 000000014004a3c8     libcmt:thread_safe_statics.obj
 0003:000013f0       ?g_sleep_condition_variable_cs@@3P6AHPEAU_RTL_CONDITION_VARIABLE@@PEAU_RTL_CRITICAL_SECTION@@K@ZEA 000000014004a3f0     libcmt:thread_safe_statics.obj
 0003:000013f8       ?g_wake_all_condition_variable@@3P6AXPEAU_RTL_CONDITION_VARIABLE@@@ZEA 000000014004a3f8     libcmt:thread_safe_statics.obj
 0003:00001410       ?is_initialized_as_dll@@3_NA 000000014004a410     libcmt:utility.obj
 0003:00001411       ?module_local_atexit_table_initialized@@3_NA 000000014004a411     libcmt:utility.obj
 0003:00001418       ?module_local_atexit_table@@3U_onexit_table_t@@A 000000014004a418     libcmt:utility.obj
 0003:00001430       ?module_local_at_quick_exit_table@@3U_onexit_table_t@@A 000000014004a430     libcmt:utility.obj
 0003:00001480       ?stdstr@std@@3PAPEAVios_base@1@A 000000014004a480     libcpmt:ios.obj
 0003:000014d0       ?stdopens@std@@3PADA       000000014004a4d0     libcpmt:ios.obj
 0003:00001510       ?classic_locale@std@@3Vlocale@1@A 000000014004a510     libcpmt:locale0.obj
 0003:00001528       ?_Fac_head@std@@3PEAU_Fac_node@1@EA 000000014004a528     libcpmt:locale0.obj
 0003:00001530       ?_Fac_tidy_reg@std@@3U_Fac_tidy_reg_t@1@B 000000014004a530     libcpmt:locale0.obj
 0003:00001538       global_locale              000000014004a538     libcpmt:locale0.obj
 0003:00001540       ?registered@?1??_Setgloballocale@locale@std@@CAXPEAX@Z@4_NA 000000014004a540     libcpmt:locale0.obj
 0003:00001550       ?initlocks@std@@3V_Init_locks@1@A 000000014004a550     libcpmt:xlock.obj
 0003:00001560       ?mtx@std@@3PAU_RTL_CRITICAL_SECTION@@A 000000014004a560     libcpmt:xlock.obj
 0003:000016a0       ?freq_cached@?1??_Query_perf_frequency@@9@4U?$atomic@_J@std@@A 000000014004a6a0     libcpmt:xtime.obj
 0003:00001700       ?initlocks@std@@3V_Init_locks@1@A 000000014004a700     libcpmt:iosptrs.obj
 0003:00001701       ?init_atexit@@3U_Init_atexit@@A 000000014004a701     libcpmt:iosptrs.obj
 0003:00001710       ?atfuns_cdecl@@3PAP6AXXZA  000000014004a710     libcpmt:iosptrs.obj
 0003:000018b0       ?_Thread_exit_data@?A0xfcd495e3@@3U_At_thread_exit_block@1@A 000000014004a8b0     libcpmt:xnotify.obj
 0003:00001ce0       ?__vcrt_startup_thread_ptd@@3U__vcrt_ptd@@A 000000014004ace0     libvcruntime:per_thread_data.obj
 0003:00001d68       __vcrt_lock_table          000000014004ad68     libvcruntime:locks.obj
 0003:00001d90       __vcrt_locks_initialized   000000014004ad90     libvcruntime:locks.obj
 0003:00001dd8       ?heap@@3V_HeapManager@@A   000000014004add8     libvcruntime:undname.obj
 0003:00001e00       ?module_handles@@3PAPEAUHINSTANCE__@@A 000000014004ae00     libvcruntime:winapi_downlevel.obj
 0003:00001e18       ?function_pointers@@3PAPEAXA 000000014004ae18     libvcruntime:winapi_downlevel.obj
 0003:00001e58       ?__acrt_invalid_parameter_handler@@3V?$dual_state_global@P6AXPEB_W00I_K@Z@__crt_state_management@@A 000000014004ae58     libucrt:invalid_parameter.obj
 0003:00001e60       ?c_termination_complete@@3JA 000000014004ae60     libucrt:exit.obj
 0003:00001e68       ?thread_local_exit_callback_func@@3P6AXPEAXK0@ZEA 000000014004ae68     libucrt:exit.obj
 0003:00001e80       ?program_name@?1???$common_configure_argv@D@@YAHW4_crt_argv_mode@@@Z@4PADA 000000014004ae80     libucrt:argv_parsing.obj
 0003:00001fd8       ?__acrt_new_handler@@3V?$dual_state_global@P6AH_K@Z@__crt_state_management@@A 000000014004afd8     libucrt:new_handler.obj
 0003:00001fe0       ?__acrt_app_type@@3W4_crt_app_type@@A 000000014004afe0     libucrt:report_runtime_error.obj
 0003:00001fe8       ?user_matherr@@3V?$dual_state_global@P6AHPEAU_exception@@@Z@__crt_state_management@@A 000000014004afe8     libucrt:matherr.obj
 0003:00002024       ?__acrt_global_new_mode@@3V?$dual_state_global@J@__crt_state_management@@A 000000014004b024     libucrt:new_mode.obj
 0003:00002030       ?__acrt_lock_table@@3PAU_RTL_CRITICAL_SECTION@@A 000000014004b030     libucrt:locks.obj
 0003:00002260       ?__acrt_locks_initialized@@3IA 000000014004b260     libucrt:locks.obj
 0003:00002280       ?module_handles@@3PAPEAUHINSTANCE__@@A 000000014004b280     libucrt:winapi_thunks.obj
 0003:00002320       ?encoded_function_pointers@@3PAPEAXA 000000014004b320     libucrt:winapi_thunks.obj
 0003:00002430       ?static_enum_proc@?1??enum_system_locales_ex_nolock@@YAHQ6AHPEA_WK_J@Z@Z@4P6AH0K1@ZEA 000000014004b430     libucrt:winapi_thunks.obj
 0003:00002848       ?internal_state@?1??_mbtowc_l@@9@4U_Mbstatet@@A 000000014004b848     libucrt:mbtowc.obj
 0003:00002850       ?enable_percent_n@@3_KA    000000014004b850     libucrt:printf_count_output.obj
 0003:00002878       ?fSystemSet@@3HA           000000014004b878     libucrt:mbctype.obj
 0003:0000287c       ?initialized@?1??__acrt_initialize_multibyte@@9@4_NA 000000014004b87c     libucrt:mbctype.obj
 0003:00002888       ?ctrlc_action@@3V?$dual_state_global@P6AXH@Z@__crt_state_management@@A 000000014004b888     libucrt:signal.obj
 0003:00002890       ?ctrlbreak_action@@3V?$dual_state_global@P6AXH@Z@__crt_state_management@@A 000000014004b890     libucrt:signal.obj
 0003:00002898       ?abort_action@@3V?$dual_state_global@P6AXH@Z@__crt_state_management@@A 000000014004b898     libucrt:signal.obj
 0003:000028a0       ?term_action@@3V?$dual_state_global@P6AXH@Z@__crt_state_management@@A 000000014004b8a0     libucrt:signal.obj
 0003:000028c8       ?_tzname@@3V?$dual_state_global@PEAPEAD@__crt_state_management@@A 000000014004b8c8     libucrt:timeset.obj
 0003:000028d0       ?w_tzname@@3V?$dual_state_global@PEAPEA_W@__crt_state_management@@A 000000014004b8d0     libucrt:timeset.obj
 0003:000028e0       ?tz_api_used@@3HA          000000014004b8e0     libucrt:tzset.obj
 0003:000028e4       ?tzset_init_state@@3V?$dual_state_global@J@__crt_state_management@@A 000000014004b8e4     libucrt:tzset.obj
 0003:000028f0       ?tz_info@@3U_TIME_ZONE_INFORMATION@@A 000000014004b8f0     libucrt:tzset.obj
 0003:000029a0       ?internal_pst@?1??__mbrtoc32_utf8@__crt_mbstring@@YA_KPEA_UPEBD_KPEAU_Mbstatet@@@Z@4U3@A 000000014004b9a0     libucrt:mbrtoc32.obj
 0003:000029a8       ?internal_pst@?1??__c16rtomb_utf8@__crt_mbstring@@YA_KPEAD_SPEAU_Mbstatet@@@Z@4U3@A 000000014004b9a8     libucrt:c16rtomb.obj
 0003:000029c0       GS_ExceptionRecord         000000014004b9c0     libcmt:gs_report.obj
 0003:00002a60       GS_ContextRecord           000000014004ba60     libcmt:gs_report.obj
 0005:00000000       MoveSmall                  000000014004f000     libvcruntime:memcpy.obj
 0005:00000040       MoveSmallYmm               000000014004f040     libvcruntime:memcpy.obj
 0005:00000064       MoveSmallYmmNT             000000014004f064     libvcruntime:memcpy.obj
 0005:00000088       MoveSmallXmm               000000014004f088     libvcruntime:memcpy.obj
 0005:000000b0       MsetTab                    000000014004f0b0     libvcruntime:memset.obj
